WHITE_SPACE ('') 0-0
NAME_KEY ('Name') 0-4
COLON (':') 4-5
WHITE_SPACE ('           ') 5-16
IDENT ('svm') 16-19
EOL ('\n') 19-20
WHITE_SPACE ('') 20-20
WHITE_SPACE ('') 20-20
VERSION_KEY ('Version') 20-27
COLON (':') 27-28
WHITE_SPACE ('        ') 28-36
NUMBERS ('1.0.0') 36-41
EOL ('\n') 41-42
WHITE_SPACE ('') 42-42
WHITE_SPACE ('') 42-42
CABAL_VERSION_KEY ('Cabal-Version') 42-55
COLON (':') 55-56
WHITE_SPACE ('  ') 56-58
>= ('>=') 58-60
WHITE_SPACE (' ') 60-61
NUMBERS ('1.6') 61-64
EOL ('\n') 64-65
WHITE_SPACE ('') 65-65
WHITE_SPACE ('') 65-65
LICENSE_KEY ('License') 65-72
COLON (':') 72-73
WHITE_SPACE ('        ') 73-81
IDENT ('GPL-3') 81-86
EOL ('\n') 86-87
WHITE_SPACE ('') 87-87
WHITE_SPACE ('') 87-87
LICENSE_FILE_KEY ('License-File') 87-99
COLON (':') 99-100
WHITE_SPACE ('   ') 100-103
IDENT ('LICENSE') 103-110
EOL ('\n') 110-111
WHITE_SPACE ('') 111-111
WHITE_SPACE ('') 111-111
AUTHOR_KEY ('Author') 111-117
COLON (':') 117-118
WHITE_SPACE ('         ') 118-127
IDENT ('Andrew') 127-133
WHITE_SPACE (' ') 133-134
IDENT ('Dougherty') 134-143
EOL ('\n') 143-144
WHITE_SPACE ('') 144-144
WHITE_SPACE ('') 144-144
MAINTAINER_KEY ('Maintainer') 144-154
COLON (':') 154-155
WHITE_SPACE ('     ') 155-160
IDENT ('Andrew') 160-166
WHITE_SPACE (' ') 166-167
IDENT ('Dougherty') 167-176
EOL ('\n') 176-177
WHITE_SPACE ('') 177-177
WHITE_SPACE ('') 177-177
HOMEPAGE_KEY ('Homepage') 177-185
COLON (':') 185-186
WHITE_SPACE ('       ') 186-193
IDENT ('http') 193-197
COLON (':') 197-198
OTHER_CHAR ('/') 198-199
OTHER_CHAR ('/') 199-200
IDENT ('github') 200-206
. ('.') 206-207
IDENT ('com') 207-210
OTHER_CHAR ('/') 210-211
IDENT ('andrewdougherty') 211-226
OTHER_CHAR ('/') 226-227
IDENT ('svm') 227-230
EOL ('\n') 230-231
WHITE_SPACE ('') 231-231
WHITE_SPACE ('') 231-231
BUG_REPORTS_KEY ('Bug-Reports') 231-242
COLON (':') 242-243
WHITE_SPACE ('    ') 243-247
IDENT ('http') 247-251
COLON (':') 251-252
OTHER_CHAR ('/') 252-253
OTHER_CHAR ('/') 253-254
IDENT ('github') 254-260
. ('.') 260-261
IDENT ('com') 261-264
OTHER_CHAR ('/') 264-265
IDENT ('andrewdougherty') 265-280
OTHER_CHAR ('/') 280-281
IDENT ('svm') 281-284
OTHER_CHAR ('/') 284-285
IDENT ('issues') 285-291
EOL ('\n') 291-292
WHITE_SPACE ('') 292-292
WHITE_SPACE ('') 292-292
CATEGORY_KEY ('Category') 292-300
COLON (':') 300-301
WHITE_SPACE ('       ') 301-308
IDENT ('AI') 308-310
EOL ('\n') 310-311
WHITE_SPACE ('') 311-311
WHITE_SPACE ('') 311-311
STABILITY_KEY ('Stability') 311-320
COLON (':') 320-321
WHITE_SPACE ('      ') 321-327
IDENT ('stable') 327-333
EOL ('\n') 333-334
WHITE_SPACE ('') 334-334
WHITE_SPACE ('') 334-334
SYNOPSIS_KEY ('Synopsis') 334-342
COLON (':') 342-343
WHITE_SPACE ('       ') 343-350
IDENT ('A') 350-351
WHITE_SPACE (' ') 351-352
IDENT ('support') 352-359
WHITE_SPACE (' ') 359-360
IDENT ('vector') 360-366
WHITE_SPACE (' ') 366-367
IDENT ('machine') 367-374
WHITE_SPACE (' ') 374-375
IDENT ('written') 375-382
WHITE_SPACE (' ') 382-383
IDENT ('in') 383-385
WHITE_SPACE (' ') 385-386
IDENT ('Haskell') 386-393
EOL ('\n') 393-394
WHITE_SPACE ('\n') 394-395
WHITE_SPACE ('') 395-395
WHITE_SPACE ('') 395-395
DESCRIPTION_KEY ('Description') 395-406
COLON (':') 406-407
EOL ('\n') 407-408
INDENT (' ') 408-409
INDENT (' ') 409-410
INDENT (' ') 410-411
INDENT (' ') 411-412
WHITE_SPACE ('') 412-412
IDENT ('svm') 412-415
WHITE_SPACE (' ') 415-416
IDENT ('is') 416-418
WHITE_SPACE (' ') 418-419
IDENT ('a') 419-420
WHITE_SPACE (' ') 420-421
IDENT ('library') 421-428
WHITE_SPACE (' ') 428-429
IDENT ('which') 429-434
WHITE_SPACE (' ') 434-435
IDENT ('implements') 435-445
WHITE_SPACE (' ') 445-446
IDENT ('least') 446-451
WHITE_SPACE (' ') 451-452
IDENT ('squares') 452-459
WHITE_SPACE (' ') 459-460
IDENT ('support') 460-467
EOL ('\n') 467-468
WHITE_SPACE ('    ') 468-472
IDENT ('vector') 472-478
WHITE_SPACE (' ') 478-479
IDENT ('regression') 479-489
. ('.') 489-490
WHITE_SPACE ('  ') 490-492
IDENT ('It') 492-494
WHITE_SPACE (' ') 494-495
IDENT ('includes') 495-503
WHITE_SPACE (' ') 503-504
IDENT ('several') 504-511
WHITE_SPACE (' ') 511-512
IDENT ('common') 512-518
WHITE_SPACE (' ') 518-519
IDENT ('kernel') 519-525
EOL ('\n') 525-526
WHITE_SPACE ('    ') 526-530
IDENT ('functions') 530-539
. ('.') 539-540
EOL ('\n') 540-541
WHITE_SPACE ('\n') 541-542
DEDENT ('') 542-542
DEDENT ('') 542-542
DEDENT ('') 542-542
DEDENT ('') 542-542
WHITE_SPACE ('') 542-542
WHITE_SPACE ('') 542-542
BUILD_TYPE_KEY ('Build-Type') 542-552
COLON (':') 552-553
WHITE_SPACE ('    ') 553-557
IDENT ('Simple') 557-563
EOL ('\n') 563-564
WHITE_SPACE ('') 564-564
WHITE_SPACE ('') 564-564
EXTRA_SOURCE_FILES_KEY ('Extra-Source-Files') 564-582
COLON (':') 582-583
EOL ('\n') 583-584
INDENT (' ') 584-585
INDENT (' ') 585-586
INDENT (' ') 586-587
INDENT (' ') 587-588
WHITE_SPACE ('') 588-588
IDENT ('README') 588-594
EOL ('\n') 594-595
WHITE_SPACE ('\n') 595-596
DEDENT ('') 596-596
DEDENT ('') 596-596
DEDENT ('') 596-596
DEDENT ('') 596-596
WHITE_SPACE ('') 596-596
WHITE_SPACE ('') 596-596
LIBRARY_KEY ('Library') 596-603
EOL ('\n') 603-604
INDENT (' ') 604-605
INDENT (' ') 605-606
INDENT (' ') 606-607
INDENT (' ') 607-608
WHITE_SPACE ('') 608-608
WHITE_SPACE ('') 608-608
BUILD_DEPENDS_KEY ('Build-Depends') 608-621
COLON (':') 621-622
EOL ('\n') 622-623
INDENT ('     ') 623-628
INDENT (' ') 628-629
INDENT (' ') 629-630
INDENT (' ') 630-631
WHITE_SPACE ('') 631-631
IDENT ('base') 631-635
WHITE_SPACE (' ') 635-636
< ('<') 636-637
WHITE_SPACE (' ') 637-638
NUMBERS ('5') 638-639
, (',') 639-640
WHITE_SPACE (' ') 640-641
IDENT ('array') 641-646
EOL ('\n') 646-647
DEDENT ('') 647-647
DEDENT ('') 647-647
DEDENT ('') 647-647
DEDENT ('') 647-647
WHITE_SPACE ('    ') 647-651
WHITE_SPACE ('') 651-651
EXPOSED_MODULES_KEY ('Exposed-Modules') 651-666
COLON (':') 666-667
EOL ('\n') 667-668
INDENT ('     ') 668-673
INDENT (' ') 673-674
INDENT (' ') 674-675
INDENT (' ') 675-676
WHITE_SPACE ('') 676-676
IDENT ('SVM') 676-679
EOL ('\n') 679-680
WHITE_SPACE ('\n') 680-681
DEDENT ('') 681-681
DEDENT ('') 681-681
DEDENT ('') 681-681
DEDENT ('') 681-681
DEDENT ('') 681-681
DEDENT ('') 681-681
DEDENT ('') 681-681
DEDENT ('') 681-681
WHITE_SPACE ('') 681-681
WHITE_SPACE ('') 681-681
SOURCE_REPO_KEY ('Source-Repository') 681-698
WHITE_SPACE (' ') 698-699
IDENT ('head') 699-703
EOL ('\n') 703-704
INDENT (' ') 704-705
INDENT (' ') 705-706
INDENT (' ') 706-707
INDENT (' ') 707-708
WHITE_SPACE ('') 708-708
WHITE_SPACE ('') 708-708
TYPE_KEY ('type') 708-712
COLON (':') 712-713
WHITE_SPACE ('     ') 713-718
IDENT ('git') 718-721
EOL ('\n') 721-722
WHITE_SPACE ('    ') 722-726
WHITE_SPACE ('') 726-726
LOCATION_KEY ('location') 726-734
COLON (':') 734-735
WHITE_SPACE (' ') 735-736
IDENT ('git') 736-739
COLON (':') 739-740
OTHER_CHAR ('/') 740-741
OTHER_CHAR ('/') 741-742
IDENT ('github') 742-748
. ('.') 748-749
IDENT ('com') 749-752
OTHER_CHAR ('/') 752-753
IDENT ('andrewdougherty') 753-768
OTHER_CHAR ('/') 768-769
IDENT ('svm') 769-772
. ('.') 772-773
IDENT ('git') 773-776