COMMENT ('-- Comment') 0-10
WHITE_SPACE ('\n\n') 10-12
COMMENT ('-- Comment') 12-22
WHITE_SPACE ('\n') 22-23
WHITE_SPACE ('') 23-23
NAME_KEY ('name') 23-27
COLON (':') 27-28
EOL ('\n') 28-29
INDENT (' ') 29-30
INDENT (' ') 30-31
INDENT (' ') 31-32
INDENT (' ') 32-33
WHITE_SPACE ('') 33-33
IDENT ('foo-bar') 33-40
EOL ('\n') 40-41
DEDENT ('') 41-41
DEDENT ('') 41-41
DEDENT ('') 41-41
DEDENT ('') 41-41
WHITE_SPACE ('') 41-41
WHITE_SPACE ('') 41-41
VERSION_KEY ('version') 41-48
COLON (':') 48-49
EOL ('\n') 49-50
INDENT (' ') 50-51
INDENT (' ') 51-52
INDENT (' ') 52-53
INDENT (' ') 53-54
WHITE_SPACE ('') 54-54
NUMBERS ('1.2.3') 54-59
IDENT ('-git1234') 59-67
EOL ('\n') 67-68
DEDENT ('') 68-68
DEDENT ('') 68-68
DEDENT ('') 68-68
DEDENT ('') 68-68
WHITE_SPACE ('') 68-68
WHITE_SPACE ('') 68-68
SYNOPSIS_KEY ('synopsis') 68-76
COLON (':') 76-77
WHITE_SPACE (' ') 77-78
IDENT ('A') 78-79
WHITE_SPACE (' ') 79-80
IDENT ('foo') 80-83
WHITE_SPACE (' ') 83-84
IDENT ('bar') 84-87
EOL ('\n') 87-88
WHITE_SPACE ('') 88-88
WHITE_SPACE ('') 88-88
DESCRIPTION_KEY ('description') 88-99
COLON (':') 99-100
WHITE_SPACE (' ') 100-101
IDENT ('A') 101-102
WHITE_SPACE (' ') 102-103
IDENT ('foo') 103-106
EOL ('\n') 106-107
INDENT (' ') 107-108
INDENT (' ') 108-109
WHITE_SPACE ('') 109-109
IDENT ('bar') 109-112
WHITE_SPACE (' ') 112-113
IDENT ('spam') 113-117
WHITE_SPACE (' ') 117-118
IDENT ('eggs') 118-122