WHITE_SPACE ('') 0-0
NAME_KEY ('name') 0-4
COLON (':') 4-5
WHITE_SPACE (' ') 5-6
IDENT ('foo') 6-9