Cabal File
  PKG_NAME
    PsiElement(NAME_KEY)('name')
    PsiElement(COLON)(':')
    FREEFORM
      PsiElement(FREEFORM_LINE)('postgrest')
  DESCRIPTION
    PsiElement(DESCRIPTION_KEY)('description')
    PsiElement(COLON)(':')
    FREEFORM
      PsiElement(FREEFORM_LINE)('Reads the schema of a PostgreSQL database and creates RESTful routes')
      PsiElement(FREEFORM_LINE)('for the tables and views, supporting all HTTP verbs that security')
      PsiElement(FREEFORM_LINE)('permits.')
  PKG_VERSION
    PsiElement(VERSION_KEY)('version')
    PsiElement(COLON)(':')
    FREEFORM
      PsiElement(FREEFORM_LINE)('0.3.1.1')
  SYNOPSIS
    PsiElement(SYNOPSIS_KEY)('synopsis')
    PsiElement(COLON)(':')
    FREEFORM
      PsiElement(FREEFORM_LINE)('REST API for any Postgres database')
  LICENSE
    PsiElement(LICENSE_KEY)('license')
    PsiElement(COLON)(':')
    FREEFORM
      PsiElement(FREEFORM_LINE)('MIT')
  LICENSE_FILE
    PsiElement(LICENSE_FILE_KEY)('license-file')
    PsiElement(COLON)(':')
    FREEFORM
      PsiElement(FREEFORM_LINE)('LICENSE')
  AUTHOR
    PsiElement(AUTHOR_KEY)('author')
    PsiElement(COLON)(':')
    FREEFORM
      PsiElement(FREEFORM_LINE)('Joe Nelson, Adam Baker')
  HOMEPAGE
    PsiElement(HOMEPAGE_KEY)('homepage')
    PsiElement(COLON)(':')
    FREEFORM
      PsiElement(FREEFORM_LINE)('https://github.com/begriffs/postgrest')
  MAINTAINER
    PsiElement(MAINTAINER_KEY)('maintainer')
    PsiElement(COLON)(':')
    FREEFORM
      PsiElement(FREEFORM_LINE)('cred+github@begriffs.com')
  CATEGORY
    PsiElement(CATEGORY_KEY)('category')
    PsiElement(COLON)(':')
    FREEFORM
      PsiElement(FREEFORM_LINE)('Web')
  BUILD_TYPE
    PsiElement(BUILD_TYPE_KEY)('build-type')
    PsiElement(COLON)(':')
    FREEFORM
      PsiElement(FREEFORM_LINE)('Simple')
  CABAL_VERSION
    PsiElement(CABAL_VERSION_KEY)('cabal-version')
    PsiElement(COLON)(':')
    FREEFORM
      PsiElement(FREEFORM_LINE)('>=1.10')
  SOURCE_REPO
    PsiElement(SOURCE_REPO_KEY)('source-repository')
    PsiElement(SOURCE_REPO_NAME)('head')
    SOURCE_REPO_TYPE
      PsiElement(TYPE_KEY)('type')
      PsiElement(COLON)(':')
      FREEFORM
        PsiElement(FREEFORM_LINE)('git')
    SOURCE_REPO_LOCATION
      PsiElement(LOCATION_KEY)('location')
      PsiElement(COLON)(':')
      FREEFORM
        PsiElement(FREEFORM_LINE)('git://github.com/begriffs/postgrest.git')
  FLAG_DECL
    PsiElement(FLAG)('Flag')
    PsiElement(FLAG_NAME)('CI')
    FLAG_DESCR
      PsiElement(DESCRIPTION_KEY)('Description')
      PsiElement(COLON)(':')
      FREEFORM
        PsiElement(FREEFORM_LINE)('No warnings allowed in continuous integration')
    FLAG_MANUAL
      PsiElement(MANUAL_KEY)('Manual')
      PsiElement(COLON)(':')
      BOOL_VALUE
        PsiElement(TRUE)('True')
    FLAG_DEFAULT
      PsiElement(DEFAULT_KEY)('Default')
      PsiElement(COLON)(':')
      BOOL_VALUE
        PsiElement(FALSE)('False')
  EXECUTABLE
    PsiElement(EXECUTABLE_KEY)('executable')
    PsiElement(EXECUTABLE_NAME)('postgrest')
    MAIN_IS
      PsiElement(MAIN_IS_KEY)('main-is')
      PsiElement(COLON)(':')
      FREEFORM
        PsiElement(FREEFORM_LINE)('PostgREST/Main.hs')
    DEFAULT_EXTENSIONS
      PsiElement(DEFAULT_EXTENSIONS_KEY)('default-extensions')
      PsiElement(COLON)(':')
      IDENT_LIST
        PsiElement(IDENT)('OverloadedStrings')
        PsiElement(,)(',')
        PsiElement(IDENT)('ScopedTypeVariables')
        PsiElement(,)(',')
        PsiElement(IDENT)('QuasiQuotes')
    GHC_OPTIONS
      PsiElement(GHC_OPTIONS_KEY)('ghc-options')
      PsiElement(COLON)(':')
      IDENT_LIST
        PsiElement(IDENT)('-threaded')
        PsiElement(IDENT)('-rtsopts')
        PsiElement(IDENT)('-with-rtsopts=-N')
    DEFAULT_LANGUAGE
      PsiElement(DEFAULT_LANGUAGE_KEY)('default-language')
      PsiElement(COLON)(':')
      FREEFORM
        PsiElement(FREEFORM_LINE)('Haskell2010')
    BUILD_DEPENDS_KEY
      PsiElement(BUILD_DEPENDS_KEY)('build-depends')
      PsiElement(COLON)(':')
      DEPENDENCIES
        DEPENDENCY
          PsiElement(DEPENDENCY_NAME)('aeson')
          DEPENDENCY_VERSION
            PsiElement(()('(')
            DEPENDENCY_VERSION
              PsiElement(>=)('>=')
              PsiElement(NUMBERS)('0.8')
              PsiElement(&&)('&&')
              PsiElement(<)('<')
              PsiElement(NUMBERS)('0.10')
            PsiElement())(')')
            PsiElement(||)('||')
            PsiElement(()('(')
            DEPENDENCY_VERSION
              PsiElement(>=)('>=')
              PsiElement(NUMBERS)('0.11')
              PsiElement(&&)('&&')
              PsiElement(<)('<')
              PsiElement(NUMBERS)('0.12')
            PsiElement())(')')
        PsiElement(,)(',')
        DEPENDENCY
          PsiElement(DEPENDENCY_NAME)('base')
          DEPENDENCY_VERSION
            PsiElement(>=)('>=')
            PsiElement(NUMBERS)('4.8')
            PsiElement(&&)('&&')
            PsiElement(<)('<')
            PsiElement(NUMBERS)('5')
        PsiElement(,)(',')
        DEPENDENCY
          PsiElement(DEPENDENCY_NAME)('bytestring')
        PsiElement(,)(',')
        DEPENDENCY
          PsiElement(DEPENDENCY_NAME)('case-insensitive')
        PsiElement(,)(',')
        DEPENDENCY
          PsiElement(DEPENDENCY_NAME)('cassava')
        PsiElement(,)(',')
        DEPENDENCY
          PsiElement(DEPENDENCY_NAME)('containers')
        PsiElement(,)(',')
        DEPENDENCY
          PsiElement(DEPENDENCY_NAME)('contravariant')
        PsiElement(,)(',')
        DEPENDENCY
          PsiElement(DEPENDENCY_NAME)('errors')
        PsiElement(,)(',')
        DEPENDENCY
          PsiElement(DEPENDENCY_NAME)('hasql')
          DEPENDENCY_VERSION
            PsiElement(>=)('>=')
            PsiElement(NUMBERS)('0.19.9')
            PsiElement(&&)('&&')
            PsiElement(<)('<')
            PsiElement(NUMBERS)('0.20')
        PsiElement(,)(',')
        DEPENDENCY
          PsiElement(DEPENDENCY_NAME)('hasql-pool')
          DEPENDENCY_VERSION
            PsiElement(>=)('>=')
            PsiElement(NUMBERS)('0.4')
            PsiElement(&&)('&&')
            PsiElement(<)('<')
            PsiElement(NUMBERS)('0.5')
        PsiElement(,)(',')
        DEPENDENCY
          PsiElement(DEPENDENCY_NAME)('hasql-transaction')
          DEPENDENCY_VERSION
            PsiElement(>=)('>=')
            PsiElement(NUMBERS)('0.4.3')
            PsiElement(&&)('&&')
            PsiElement(<)('<')
            PsiElement(NUMBERS)('0.5')
        PsiElement(,)(',')
        DEPENDENCY
          PsiElement(DEPENDENCY_NAME)('http-types')
        PsiElement(,)(',')
        DEPENDENCY
          PsiElement(DEPENDENCY_NAME)('interpolatedstring-perl6')
        PsiElement(,)(',')
        DEPENDENCY
          PsiElement(DEPENDENCY_NAME)('jwt')
        PsiElement(,)(',')
        DEPENDENCY
          PsiElement(DEPENDENCY_NAME)('lens')
          DEPENDENCY_VERSION
            PsiElement(>=)('>=')
            PsiElement(NUMBERS)('3.8')
            PsiElement(&&)('&&')
            PsiElement(<)('<')
            PsiElement(NUMBERS)('5.0')
        PsiElement(,)(',')
        DEPENDENCY
          PsiElement(DEPENDENCY_NAME)('lens-aeson')
          DEPENDENCY_VERSION
            PsiElement(>=)('>=')
            PsiElement(NUMBERS)('1.0.0.0')
            PsiElement(&&)('&&')
            PsiElement(<)('<')
            PsiElement(NUMBERS)('1.1.0.0')
        PsiElement(,)(',')
        DEPENDENCY
          PsiElement(DEPENDENCY_NAME)('mtl')
        PsiElement(,)(',')
        DEPENDENCY
          PsiElement(DEPENDENCY_NAME)('optparse-applicative')
          DEPENDENCY_VERSION
            PsiElement(>=)('>=')
            PsiElement(NUMBERS)('0.11')
            PsiElement(&&)('&&')
            PsiElement(<)('<')
            PsiElement(NUMBERS)('0.13')
        PsiElement(,)(',')
        DEPENDENCY
          PsiElement(DEPENDENCY_NAME)('parsec')
        PsiElement(,)(',')
        DEPENDENCY
          PsiElement(DEPENDENCY_NAME)('postgrest')
        PsiElement(,)(',')
        DEPENDENCY
          PsiElement(DEPENDENCY_NAME)('regex-tdfa')
        PsiElement(,)(',')
        DEPENDENCY
          PsiElement(DEPENDENCY_NAME)('safe')
          DEPENDENCY_VERSION
            PsiElement(>=)('>=')
            PsiElement(NUMBERS)('0.3')
            PsiElement(&&)('&&')
            PsiElement(<)('<')
            PsiElement(NUMBERS)('0.4')
        PsiElement(,)(',')
        DEPENDENCY
          PsiElement(DEPENDENCY_NAME)('scientific')
        PsiElement(,)(',')
        DEPENDENCY
          PsiElement(DEPENDENCY_NAME)('string-conversions')
        PsiElement(,)(',')
        DEPENDENCY
          PsiElement(DEPENDENCY_NAME)('text')
        PsiElement(,)(',')
        DEPENDENCY
          PsiElement(DEPENDENCY_NAME)('time')
        PsiElement(,)(',')
        DEPENDENCY
          PsiElement(DEPENDENCY_NAME)('transformers')
        PsiElement(,)(',')
        DEPENDENCY
          PsiElement(DEPENDENCY_NAME)('unordered-containers')
        PsiElement(,)(',')
        DEPENDENCY
          PsiElement(DEPENDENCY_NAME)('vector')
        PsiElement(,)(',')
        DEPENDENCY
          PsiElement(DEPENDENCY_NAME)('wai')
          DEPENDENCY_VERSION
            PsiElement(>=)('>=')
            PsiElement(NUMBERS)('3.0.1')
        PsiElement(,)(',')
        DEPENDENCY
          PsiElement(DEPENDENCY_NAME)('wai-cors')
        PsiElement(,)(',')
        DEPENDENCY
          PsiElement(DEPENDENCY_NAME)('wai-extra')
        PsiElement(,)(',')
        DEPENDENCY
          PsiElement(DEPENDENCY_NAME)('wai-middleware-static')
          DEPENDENCY_VERSION
            PsiElement(>=)('>=')
            PsiElement(NUMBERS)('0.6.0')
        PsiElement(,)(',')
        DEPENDENCY
          PsiElement(DEPENDENCY_NAME)('warp')
          DEPENDENCY_VERSION
            PsiElement(>=)('>=')
            PsiElement(NUMBERS)('3.1.0')
        PsiElement(,)(',')
        DEPENDENCY
          PsiElement(DEPENDENCY_NAME)('HTTP')
        PsiElement(,)(',')
        DEPENDENCY
          PsiElement(DEPENDENCY_NAME)('Ranged-sets')
    IF_EXPR
      PsiElement(IF)('if')
      IF_COND
        LOGICAL_NEG
          PsiElement(!)('!')
          FUNC_CALL
            FUNC_NAME
              PsiElement(OS)('os')
            PsiElement(()('(')
            FUNC_ARG
              PsiElement(UNKNOWN_KEY)('windows')
            PsiElement())(')')
      THEN_BODY
        BUILD_DEPENDS_KEY
          PsiElement(BUILD_DEPENDS_KEY)('build-depends')
          PsiElement(COLON)(':')
          DEPENDENCIES
            DEPENDENCY
              PsiElement(DEPENDENCY_NAME)('unix')
              DEPENDENCY_VERSION
                PsiElement(>=)('>=')
                PsiElement(NUMBERS)('2.7')
                PsiElement(&&)('&&')
                PsiElement(<)('<')
                PsiElement(NUMBERS)('3')
    HS_SOURCE_DIRS
      PsiElement(HS_SOURCE_DIRS_KEY)('hs-source-dirs')
      PsiElement(COLON)(':')
      FREEFORM
        PsiElement(FREEFORM_LINE)('src')
    OTHER_MODULES
      PsiElement(OTHER_MODULES_KEY)('other-modules')
      PsiElement(COLON)(':')
      MODULE_LIST
        MODULE
          PsiElement(MODULE_PART)('Paths_postgrest')
        PsiElement(,)(',')
        MODULE
          PsiElement(MODULE_PART)('PostgREST')
          PsiElement(.)('.')
          PsiElement(MODULE_PART)('App')
        PsiElement(,)(',')
        MODULE
          PsiElement(MODULE_PART)('PostgREST')
          PsiElement(.)('.')
          PsiElement(MODULE_PART)('Auth')
        PsiElement(,)(',')
        MODULE
          PsiElement(MODULE_PART)('PostgREST')
          PsiElement(.)('.')
          PsiElement(MODULE_PART)('Config')
        PsiElement(,)(',')
        MODULE
          PsiElement(MODULE_PART)('PostgREST')
          PsiElement(.)('.')
          PsiElement(MODULE_PART)('Error')
        PsiElement(,)(',')
        MODULE
          PsiElement(MODULE_PART)('PostgREST')
          PsiElement(.)('.')
          PsiElement(MODULE_PART)('Middleware')
        PsiElement(,)(',')
        MODULE
          PsiElement(MODULE_PART)('PostgREST')
          PsiElement(.)('.')
          PsiElement(MODULE_PART)('Parsers')
        PsiElement(,)(',')
        MODULE
          PsiElement(MODULE_PART)('PostgREST')
          PsiElement(.)('.')
          PsiElement(MODULE_PART)('DbStructure')
        PsiElement(,)(',')
        MODULE
          PsiElement(MODULE_PART)('PostgREST')
          PsiElement(.)('.')
          PsiElement(MODULE_PART)('QueryBuilder')
        PsiElement(,)(',')
        MODULE
          PsiElement(MODULE_PART)('PostgREST')
          PsiElement(.)('.')
          PsiElement(MODULE_PART)('RangeQuery')
        PsiElement(,)(',')
        MODULE
          PsiElement(MODULE_PART)('PostgREST')
          PsiElement(.)('.')
          PsiElement(MODULE_PART)('ApiRequest')
        PsiElement(,)(',')
        MODULE
          PsiElement(MODULE_PART)('PostgREST')
          PsiElement(.)('.')
          PsiElement(MODULE_PART)('Types')
  LIBRARY
    PsiElement(LIBRARY_KEY)('library')
    DEFAULT_LANGUAGE
      PsiElement(DEFAULT_LANGUAGE_KEY)('default-language')
      PsiElement(COLON)(':')
      FREEFORM
        PsiElement(FREEFORM_LINE)('Haskell2010')
    DEFAULT_EXTENSIONS
      PsiElement(DEFAULT_EXTENSIONS_KEY)('default-extensions')
      PsiElement(COLON)(':')
      IDENT_LIST
        PsiElement(IDENT)('OverloadedStrings')
        PsiElement(,)(',')
        PsiElement(IDENT)('ScopedTypeVariables')
        PsiElement(,)(',')
        PsiElement(IDENT)('QuasiQuotes')
    BUILD_DEPENDS_KEY
      PsiElement(BUILD_DEPENDS_KEY)('build-depends')
      PsiElement(COLON)(':')
      DEPENDENCIES
        DEPENDENCY
          PsiElement(DEPENDENCY_NAME)('aeson')
        PsiElement(,)(',')
        DEPENDENCY
          PsiElement(DEPENDENCY_NAME)('base')
          DEPENDENCY_VERSION
            PsiElement(>=)('>=')
            PsiElement(NUMBERS)('4.6')
            PsiElement(&&)('&&')
            PsiElement(<)('<')
            PsiElement(NUMBERS)('5')
        PsiElement(,)(',')
        DEPENDENCY
          PsiElement(DEPENDENCY_NAME)('bytestring')
        PsiElement(,)(',')
        DEPENDENCY
          PsiElement(DEPENDENCY_NAME)('case-insensitive')
        PsiElement(,)(',')
        DEPENDENCY
          PsiElement(DEPENDENCY_NAME)('cassava')
        PsiElement(,)(',')
        DEPENDENCY
          PsiElement(DEPENDENCY_NAME)('containers')
        PsiElement(,)(',')
        DEPENDENCY
          PsiElement(DEPENDENCY_NAME)('contravariant')
        PsiElement(,)(',')
        DEPENDENCY
          PsiElement(DEPENDENCY_NAME)('errors')
        PsiElement(,)(',')
        DEPENDENCY
          PsiElement(DEPENDENCY_NAME)('hasql')
        PsiElement(,)(',')
        DEPENDENCY
          PsiElement(DEPENDENCY_NAME)('hasql-transaction')
        PsiElement(,)(',')
        DEPENDENCY
          PsiElement(DEPENDENCY_NAME)('hasql-pool')
        PsiElement(,)(',')
        DEPENDENCY
          PsiElement(DEPENDENCY_NAME)('http-types')
        PsiElement(,)(',')
        DEPENDENCY
          PsiElement(DEPENDENCY_NAME)('interpolatedstring-perl6')
        PsiElement(,)(',')
        DEPENDENCY
          PsiElement(DEPENDENCY_NAME)('jwt')
        PsiElement(,)(',')
        DEPENDENCY
          PsiElement(DEPENDENCY_NAME)('lens')
        PsiElement(,)(',')
        DEPENDENCY
          PsiElement(DEPENDENCY_NAME)('lens-aeson')
        PsiElement(,)(',')
        DEPENDENCY
          PsiElement(DEPENDENCY_NAME)('mtl')
        PsiElement(,)(',')
        DEPENDENCY
          PsiElement(DEPENDENCY_NAME)('optparse-applicative')
        PsiElement(,)(',')
        DEPENDENCY
          PsiElement(DEPENDENCY_NAME)('parsec')
        PsiElement(,)(',')
        DEPENDENCY
          PsiElement(DEPENDENCY_NAME)('regex-tdfa')
        PsiElement(,)(',')
        DEPENDENCY
          PsiElement(DEPENDENCY_NAME)('safe')
        PsiElement(,)(',')
        DEPENDENCY
          PsiElement(DEPENDENCY_NAME)('scientific')
        PsiElement(,)(',')
        DEPENDENCY
          PsiElement(DEPENDENCY_NAME)('string-conversions')
        PsiElement(,)(',')
        DEPENDENCY
          PsiElement(DEPENDENCY_NAME)('text')
        PsiElement(,)(',')
        DEPENDENCY
          PsiElement(DEPENDENCY_NAME)('time')
        PsiElement(,)(',')
        DEPENDENCY
          PsiElement(DEPENDENCY_NAME)('unordered-containers')
        PsiElement(,)(',')
        DEPENDENCY
          PsiElement(DEPENDENCY_NAME)('vector')
        PsiElement(,)(',')
        DEPENDENCY
          PsiElement(DEPENDENCY_NAME)('HTTP')
        PsiElement(,)(',')
        DEPENDENCY
          PsiElement(DEPENDENCY_NAME)('Ranged-sets')
        PsiElement(,)(',')
        DEPENDENCY
          PsiElement(DEPENDENCY_NAME)('wai')
          DEPENDENCY_VERSION
            PsiElement(>=)('>=')
            PsiElement(NUMBERS)('3.0.1')
        PsiElement(,)(',')
        DEPENDENCY
          PsiElement(DEPENDENCY_NAME)('wai-cors')
        PsiElement(,)(',')
        DEPENDENCY
          PsiElement(DEPENDENCY_NAME)('wai-extra')
        PsiElement(,)(',')
        DEPENDENCY
          PsiElement(DEPENDENCY_NAME)('wai-middleware-static')
          DEPENDENCY_VERSION
            PsiElement(>=)('>=')
            PsiElement(NUMBERS)('0.6.0')
        PsiElement(,)(',')
        DEPENDENCY
          PsiElement(DEPENDENCY_NAME)('warp')
          DEPENDENCY_VERSION
            PsiElement(>=)('>=')
            PsiElement(NUMBERS)('3.1.0')
    OTHER_MODULES
      PsiElement(OTHER_MODULES_KEY)('Other-Modules')
      PsiElement(COLON)(':')
      MODULE_LIST
        MODULE
          PsiElement(MODULE_PART)('Paths_postgrest')
    EXPOSED_MODULES
      PsiElement(EXPOSED_MODULES_KEY)('Exposed-Modules')
      PsiElement(COLON)(':')
      MODULE_LIST
        MODULE
          PsiElement(MODULE_PART)('PostgREST')
          PsiElement(.)('.')
          PsiElement(MODULE_PART)('App')
        PsiElement(,)(',')
        MODULE
          PsiElement(MODULE_PART)('PostgREST')
          PsiElement(.)('.')
          PsiElement(MODULE_PART)('Auth')
        PsiElement(,)(',')
        MODULE
          PsiElement(MODULE_PART)('PostgREST')
          PsiElement(.)('.')
          PsiElement(MODULE_PART)('Config')
        PsiElement(,)(',')
        MODULE
          PsiElement(MODULE_PART)('PostgREST')
          PsiElement(.)('.')
          PsiElement(MODULE_PART)('Error')
        PsiElement(,)(',')
        MODULE
          PsiElement(MODULE_PART)('PostgREST')
          PsiElement(.)('.')
          PsiElement(MODULE_PART)('Middleware')
        PsiElement(,)(',')
        MODULE
          PsiElement(MODULE_PART)('PostgREST')
          PsiElement(.)('.')
          PsiElement(MODULE_PART)('Parsers')
        PsiElement(,)(',')
        MODULE
          PsiElement(MODULE_PART)('PostgREST')
          PsiElement(.)('.')
          PsiElement(MODULE_PART)('DbStructure')
        PsiElement(,)(',')
        MODULE
          PsiElement(MODULE_PART)('PostgREST')
          PsiElement(.)('.')
          PsiElement(MODULE_PART)('QueryBuilder')
        PsiElement(,)(',')
        MODULE
          PsiElement(MODULE_PART)('PostgREST')
          PsiElement(.)('.')
          PsiElement(MODULE_PART)('RangeQuery')
        PsiElement(,)(',')
        MODULE
          PsiElement(MODULE_PART)('PostgREST')
          PsiElement(.)('.')
          PsiElement(MODULE_PART)('ApiRequest')
        PsiElement(,)(',')
        MODULE
          PsiElement(MODULE_PART)('PostgREST')
          PsiElement(.)('.')
          PsiElement(MODULE_PART)('Types')
    HS_SOURCE_DIRS
      PsiElement(HS_SOURCE_DIRS_KEY)('hs-source-dirs')
      PsiElement(COLON)(':')
      FREEFORM
        PsiElement(FREEFORM_LINE)('src')
  TEST_SUITE
    PsiElement(TEST_SUITE_KEY)('Test-Suite')
    PsiElement(TEST_SUITE_NAME)('spec')
    TEST_SUITE_TYPE
      PsiElement(TYPE_KEY)('Type')
      PsiElement(COLON)(':')
      FREEFORM
        PsiElement(FREEFORM_LINE)('exitcode-stdio-1.0')
    DEFAULT_LANGUAGE
      PsiElement(DEFAULT_LANGUAGE_KEY)('Default-Language')
      PsiElement(COLON)(':')
      FREEFORM
        PsiElement(FREEFORM_LINE)('Haskell2010')
    DEFAULT_EXTENSIONS
      PsiElement(DEFAULT_EXTENSIONS_KEY)('default-extensions')
      PsiElement(COLON)(':')
      IDENT_LIST
        PsiElement(IDENT)('OverloadedStrings')
        PsiElement(,)(',')
        PsiElement(IDENT)('ScopedTypeVariables')
        PsiElement(,)(',')
        PsiElement(IDENT)('QuasiQuotes')
    GHC_OPTIONS
      PsiElement(GHC_OPTIONS_KEY)('ghc-options')
      PsiElement(COLON)(':')
      IDENT_LIST
        PsiElement(IDENT)('-threaded')
        PsiElement(IDENT)('-rtsopts')
        PsiElement(IDENT)('-with-rtsopts=-N')
    HS_SOURCE_DIRS
      PsiElement(HS_SOURCE_DIRS_KEY)('Hs-Source-Dirs')
      PsiElement(COLON)(':')
      FREEFORM
        PsiElement(FREEFORM_LINE)('test, src')
    MAIN_IS
      PsiElement(MAIN_IS_KEY)('Main-Is')
      PsiElement(COLON)(':')
      FREEFORM
        PsiElement(FREEFORM_LINE)('Main.hs')
    OTHER_MODULES
      PsiElement(OTHER_MODULES_KEY)('Other-Modules')
      PsiElement(COLON)(':')
      MODULE_LIST
        MODULE
          PsiElement(MODULE_PART)('Feature')
          PsiElement(.)('.')
          PsiElement(MODULE_PART)('AuthSpec')
        PsiElement(,)(',')
        MODULE
          PsiElement(MODULE_PART)('Feature')
          PsiElement(.)('.')
          PsiElement(MODULE_PART)('ConcurrentSpec')
        PsiElement(,)(',')
        MODULE
          PsiElement(MODULE_PART)('Feature')
          PsiElement(.)('.')
          PsiElement(MODULE_PART)('CorsSpec')
        PsiElement(,)(',')
        MODULE
          PsiElement(MODULE_PART)('Feature')
          PsiElement(.)('.')
          PsiElement(MODULE_PART)('DeleteSpec')
        PsiElement(,)(',')
        MODULE
          PsiElement(MODULE_PART)('Feature')
          PsiElement(.)('.')
          PsiElement(MODULE_PART)('InsertSpec')
        PsiElement(,)(',')
        MODULE
          PsiElement(MODULE_PART)('Feature')
          PsiElement(.)('.')
          PsiElement(MODULE_PART)('QuerySpec')
        PsiElement(,)(',')
        MODULE
          PsiElement(MODULE_PART)('Feature')
          PsiElement(.)('.')
          PsiElement(MODULE_PART)('QueryLimitedSpec')
        PsiElement(,)(',')
        MODULE
          PsiElement(MODULE_PART)('Feature')
          PsiElement(.)('.')
          PsiElement(MODULE_PART)('RangeSpec')
        PsiElement(,)(',')
        MODULE
          PsiElement(MODULE_PART)('Feature')
          PsiElement(.)('.')
          PsiElement(MODULE_PART)('StructureSpec')
        PsiElement(,)(',')
        MODULE
          PsiElement(MODULE_PART)('Feature')
          PsiElement(.)('.')
          PsiElement(MODULE_PART)('UnicodeSpec')
        PsiElement(,)(',')
        MODULE
          PsiElement(MODULE_PART)('Paths_postgrest')
        PsiElement(,)(',')
        MODULE
          PsiElement(MODULE_PART)('PostgREST')
          PsiElement(.)('.')
          PsiElement(MODULE_PART)('App')
        PsiElement(,)(',')
        MODULE
          PsiElement(MODULE_PART)('PostgREST')
          PsiElement(.)('.')
          PsiElement(MODULE_PART)('Auth')
        PsiElement(,)(',')
        MODULE
          PsiElement(MODULE_PART)('PostgREST')
          PsiElement(.)('.')
          PsiElement(MODULE_PART)('Config')
        PsiElement(,)(',')
        MODULE
          PsiElement(MODULE_PART)('PostgREST')
          PsiElement(.)('.')
          PsiElement(MODULE_PART)('Error')
        PsiElement(,)(',')
        MODULE
          PsiElement(MODULE_PART)('PostgREST')
          PsiElement(.)('.')
          PsiElement(MODULE_PART)('Middleware')
        PsiElement(,)(',')
        MODULE
          PsiElement(MODULE_PART)('PostgREST')
          PsiElement(.)('.')
          PsiElement(MODULE_PART)('Parsers')
        PsiElement(,)(',')
        MODULE
          PsiElement(MODULE_PART)('PostgREST')
          PsiElement(.)('.')
          PsiElement(MODULE_PART)('DbStructure')
        PsiElement(,)(',')
        MODULE
          PsiElement(MODULE_PART)('PostgREST')
          PsiElement(.)('.')
          PsiElement(MODULE_PART)('QueryBuilder')
        PsiElement(,)(',')
        MODULE
          PsiElement(MODULE_PART)('PostgREST')
          PsiElement(.)('.')
          PsiElement(MODULE_PART)('RangeQuery')
        PsiElement(,)(',')
        MODULE
          PsiElement(MODULE_PART)('PostgREST')
          PsiElement(.)('.')
          PsiElement(MODULE_PART)('ApiRequest')
        PsiElement(,)(',')
        MODULE
          PsiElement(MODULE_PART)('PostgREST')
          PsiElement(.)('.')
          PsiElement(MODULE_PART)('Types')
        PsiElement(,)(',')
        MODULE
          PsiElement(MODULE_PART)('SpecHelper')
        PsiElement(,)(',')
        MODULE
          PsiElement(MODULE_PART)('TestTypes')
    BUILD_DEPENDS_KEY
      PsiElement(BUILD_DEPENDS_KEY)('Build-Depends')
      PsiElement(COLON)(':')
      DEPENDENCIES
        DEPENDENCY
          PsiElement(DEPENDENCY_NAME)('aeson')
        PsiElement(,)(',')
        DEPENDENCY
          PsiElement(DEPENDENCY_NAME)('async')
        PsiElement(,)(',')
        DEPENDENCY
          PsiElement(DEPENDENCY_NAME)('base')
        PsiElement(,)(',')
        DEPENDENCY
          PsiElement(DEPENDENCY_NAME)('base64-string')
        PsiElement(,)(',')
        DEPENDENCY
          PsiElement(DEPENDENCY_NAME)('bytestring')
        PsiElement(,)(',')
        DEPENDENCY
          PsiElement(DEPENDENCY_NAME)('case-insensitive')
        PsiElement(,)(',')
        DEPENDENCY
          PsiElement(DEPENDENCY_NAME)('cassava')
        PsiElement(,)(',')
        DEPENDENCY
          PsiElement(DEPENDENCY_NAME)('containers')
        PsiElement(,)(',')
        DEPENDENCY
          PsiElement(DEPENDENCY_NAME)('contravariant')
        PsiElement(,)(',')
        DEPENDENCY
          PsiElement(DEPENDENCY_NAME)('errors')
        PsiElement(,)(',')
        DEPENDENCY
          PsiElement(DEPENDENCY_NAME)('hasql')
        PsiElement(,)(',')
        DEPENDENCY
          PsiElement(DEPENDENCY_NAME)('hasql-pool')
        PsiElement(,)(',')
        DEPENDENCY
          PsiElement(DEPENDENCY_NAME)('hasql-transaction')
        PsiElement(,)(',')
        DEPENDENCY
          PsiElement(DEPENDENCY_NAME)('heredoc')
        PsiElement(,)(',')
        DEPENDENCY
          PsiElement(DEPENDENCY_NAME)('hspec')
          DEPENDENCY_VERSION
            PsiElement(==)('==')
            PsiElement(NUMBERS)('2.2.*')
        PsiElement(,)(',')
        DEPENDENCY
          PsiElement(DEPENDENCY_NAME)('hspec-wai')
        PsiElement(,)(',')
        DEPENDENCY
          PsiElement(DEPENDENCY_NAME)('hspec-wai-json')
        PsiElement(,)(',')
        DEPENDENCY
          PsiElement(DEPENDENCY_NAME)('http-types')
        PsiElement(,)(',')
        DEPENDENCY
          PsiElement(DEPENDENCY_NAME)('interpolatedstring-perl6')
        PsiElement(,)(',')
        DEPENDENCY
          PsiElement(DEPENDENCY_NAME)('jwt')
        PsiElement(,)(',')
        DEPENDENCY
          PsiElement(DEPENDENCY_NAME)('lens')
        PsiElement(,)(',')
        DEPENDENCY
          PsiElement(DEPENDENCY_NAME)('lens-aeson')
        PsiElement(,)(',')
        DEPENDENCY
          PsiElement(DEPENDENCY_NAME)('monad-control')
        PsiElement(,)(',')
        DEPENDENCY
          PsiElement(DEPENDENCY_NAME)('mtl')
        PsiElement(,)(',')
        DEPENDENCY
          PsiElement(DEPENDENCY_NAME)('optparse-applicative')
        PsiElement(,)(',')
        DEPENDENCY
          PsiElement(DEPENDENCY_NAME)('parsec')
        PsiElement(,)(',')
        DEPENDENCY
          PsiElement(DEPENDENCY_NAME)('process')
        PsiElement(,)(',')
        DEPENDENCY
          PsiElement(DEPENDENCY_NAME)('regex-tdfa')
        PsiElement(,)(',')
        DEPENDENCY
          PsiElement(DEPENDENCY_NAME)('safe')
        PsiElement(,)(',')
        DEPENDENCY
          PsiElement(DEPENDENCY_NAME)('scientific')
        PsiElement(,)(',')
        DEPENDENCY
          PsiElement(DEPENDENCY_NAME)('string-conversions')
        PsiElement(,)(',')
        DEPENDENCY
          PsiElement(DEPENDENCY_NAME)('text')
        PsiElement(,)(',')
        DEPENDENCY
          PsiElement(DEPENDENCY_NAME)('time')
        PsiElement(,)(',')
        DEPENDENCY
          PsiElement(DEPENDENCY_NAME)('transformers')
        PsiElement(,)(',')
        DEPENDENCY
          PsiElement(DEPENDENCY_NAME)('transformers-base')
        PsiElement(,)(',')
        DEPENDENCY
          PsiElement(DEPENDENCY_NAME)('unordered-containers')
        PsiElement(,)(',')
        DEPENDENCY
          PsiElement(DEPENDENCY_NAME)('unix')
        PsiElement(,)(',')
        DEPENDENCY
          PsiElement(DEPENDENCY_NAME)('vector')
        PsiElement(,)(',')
        DEPENDENCY
          PsiElement(DEPENDENCY_NAME)('wai')
        PsiElement(,)(',')
        DEPENDENCY
          PsiElement(DEPENDENCY_NAME)('wai-cors')
        PsiElement(,)(',')
        DEPENDENCY
          PsiElement(DEPENDENCY_NAME)('wai-extra')
        PsiElement(,)(',')
        DEPENDENCY
          PsiElement(DEPENDENCY_NAME)('wai-middleware-static')
        PsiElement(,)(',')
        DEPENDENCY
          PsiElement(DEPENDENCY_NAME)('warp')
        PsiElement(,)(',')
        DEPENDENCY
          PsiElement(DEPENDENCY_NAME)('HTTP')
        PsiElement(,)(',')
        DEPENDENCY
          PsiElement(DEPENDENCY_NAME)('Ranged-sets')