Cabal File
  PKG_NAME
    PsiElement(NAME_KEY)('Name')
    PsiElement(COLON)(':')
    FREEFORM
      PsiElement(FREEFORM_LINE)('elm-compiler')
  PKG_VERSION
    PsiElement(VERSION_KEY)('Version')
    PsiElement(COLON)(':')
    FREEFORM
      PsiElement(FREEFORM_LINE)('0.17')
  SYNOPSIS
    PsiElement(SYNOPSIS_KEY)('Synopsis')
    PsiElement(COLON)(':')
    FREEFORM
      PsiElement(FREEFORM_LINE)('Values to help with elm-package, elm-make, and elm-lang.org.')
  DESCRIPTION
    PsiElement(DESCRIPTION_KEY)('Description')
    PsiElement(COLON)(':')
    FREEFORM
      PsiElement(FREEFORM_LINE)('Elm aims to make client-side web-development pleasant. It is a')
      PsiElement(FREEFORM_LINE)('statically/strongly typed, functional reactive language that compiles to')
      PsiElement(FREEFORM_LINE)('HTML, CSS, and JS. This package provides a couple helpful values that are')
      PsiElement(FREEFORM_LINE)('intended for use in packages such as elm-package and elm-make.')
  HOMEPAGE
    PsiElement(HOMEPAGE_KEY)('Homepage')
    PsiElement(COLON)(':')
    FREEFORM
      PsiElement(FREEFORM_LINE)('http://elm-lang.org')
  LICENSE
    PsiElement(LICENSE_KEY)('License')
    PsiElement(COLON)(':')
    FREEFORM
      PsiElement(FREEFORM_LINE)('BSD3')
  LICENSE_FILE
    PsiElement(LICENSE_FILE_KEY)('License-file')
    PsiElement(COLON)(':')
    FREEFORM
      PsiElement(FREEFORM_LINE)('LICENSE')
  AUTHOR
    PsiElement(AUTHOR_KEY)('Author')
    PsiElement(COLON)(':')
    FREEFORM
      PsiElement(FREEFORM_LINE)('Evan Czaplicki')
  MAINTAINER
    PsiElement(MAINTAINER_KEY)('Maintainer')
    PsiElement(COLON)(':')
    FREEFORM
      PsiElement(FREEFORM_LINE)('info@elm-lang.org')
  COPYRIGHT
    PsiElement(COPYRIGHT_KEY)('Copyright')
    PsiElement(COLON)(':')
    FREEFORM
      PsiElement(FREEFORM_LINE)('Copyright (c) 2011-2016 Evan Czaplicki')
  CATEGORY
    PsiElement(CATEGORY_KEY)('Category')
    PsiElement(COLON)(':')
    FREEFORM
      PsiElement(FREEFORM_LINE)('Compiler, Language')
  EXTRA_SOURCE_FILES
    PsiElement(EXTRA_SOURCE_FILES_KEY)('Extra-source-files')
    PsiElement(COLON)(':')
    FREEFORM
      PsiElement(FREEFORM_LINE)('changelog.md')
  CABAL_VERSION
    PsiElement(CABAL_VERSION_KEY)('Cabal-version')
    PsiElement(COLON)(':')
    FREEFORM
      PsiElement(FREEFORM_LINE)('>=1.9')
  BUILD_TYPE
    PsiElement(BUILD_TYPE_KEY)('Build-type')
    PsiElement(COLON)(':')
    FREEFORM
      PsiElement(FREEFORM_LINE)('Simple')
  SOURCE_REPO
    PsiElement(SOURCE_REPO_KEY)('source-repository')
    PsiElement(SOURCE_REPO_NAME)('head')
    SOURCE_REPO_TYPE
      PsiElement(TYPE_KEY)('type')
      PsiElement(COLON)(':')
      FREEFORM
        PsiElement(FREEFORM_LINE)('git')
    SOURCE_REPO_LOCATION
      PsiElement(LOCATION_KEY)('location')
      PsiElement(COLON)(':')
      FREEFORM
        PsiElement(FREEFORM_LINE)('git://github.com/elm-lang/elm-compiler.git')
  FLAG_DECL
    PsiElement(FLAG)('Flag')
    PsiElement(FLAG_NAME)('dev')
    PsiElement({)('{')
    FLAG_DESCR
      PsiElement(DESCRIPTION_KEY)('Description')
      PsiElement(COLON)(':')
      FREEFORM
        PsiElement(FREEFORM_LINE)('Turn off optimization and make warnings errors')
    FLAG_DEFAULT
      PsiElement(DEFAULT_KEY)('Default')
      PsiElement(COLON)(':')
      BOOL_VALUE
        PsiElement(FALSE)('False')
    PsiElement(})('}')
  LIBRARY
    PsiElement(LIBRARY_KEY)('Library')
    IF_EXPR
      PsiElement(IF)('if')
      IF_COND
        FUNC_CALL
          FUNC_NAME
            PsiElement(FLAG)('flag')
          PsiElement(()('(')
          FUNC_ARG
            PsiElement(UNKNOWN_KEY)('dev')
          PsiElement())(')')
      THEN_BODY
        GHC_OPTIONS
          PsiElement(GHC_OPTIONS_KEY)('ghc-options')
          PsiElement(COLON)(':')
          IDENT_LIST
            PsiElement(IDENT)('-O0')
            PsiElement(IDENT)('-W')
            PsiElement(IDENT)('-Werror')
      PsiElement(ELSE)('else')
      ELSE_BODY
        GHC_OPTIONS
          PsiElement(GHC_OPTIONS_KEY)('ghc-options')
          PsiElement(COLON)(':')
          IDENT_LIST
            PsiElement(IDENT)('-O2')
    HS_SOURCE_DIRS
      PsiElement(HS_SOURCE_DIRS_KEY)('Hs-Source-Dirs')
      PsiElement(COLON)(':')
      FREEFORM
        PsiElement(FREEFORM_LINE)('src')
    EXPOSED_MODULES
      PsiElement(EXPOSED_MODULES_KEY)('exposed-modules')
      PsiElement(COLON)(':')
      MODULE_LIST
        MODULE
          PsiElement(MODULE_PART)('Elm')
          PsiElement(.)('.')
          PsiElement(MODULE_PART)('Compiler')
        PsiElement(,)(',')
        MODULE
          PsiElement(MODULE_PART)('Elm')
          PsiElement(.)('.')
          PsiElement(MODULE_PART)('Compiler')
          PsiElement(.)('.')
          PsiElement(MODULE_PART)('Module')
        PsiElement(,)(',')
        MODULE
          PsiElement(MODULE_PART)('Elm')
          PsiElement(.)('.')
          PsiElement(MODULE_PART)('Compiler')
          PsiElement(.)('.')
          PsiElement(MODULE_PART)('Type')
        PsiElement(,)(',')
        MODULE
          PsiElement(MODULE_PART)('Elm')
          PsiElement(.)('.')
          PsiElement(MODULE_PART)('Docs')
        PsiElement(,)(',')
        MODULE
          PsiElement(MODULE_PART)('Elm')
          PsiElement(.)('.')
          PsiElement(MODULE_PART)('Package')
        PsiElement(,)(',')
        MODULE
          PsiElement(MODULE_PART)('Elm')
          PsiElement(.)('.')
          PsiElement(MODULE_PART)('Utils')
    OTHER_MODULES
      PsiElement(OTHER_MODULES_KEY)('other-modules')
      PsiElement(COLON)(':')
      MODULE_LIST
        MODULE
          PsiElement(MODULE_PART)('AST')
          PsiElement(.)('.')
          PsiElement(MODULE_PART)('Declaration')
        PsiElement(,)(',')
        MODULE
          PsiElement(MODULE_PART)('AST')
          PsiElement(.)('.')
          PsiElement(MODULE_PART)('Effects')
        PsiElement(,)(',')
        MODULE
          PsiElement(MODULE_PART)('AST')
          PsiElement(.)('.')
          PsiElement(MODULE_PART)('Expression')
          PsiElement(.)('.')
          PsiElement(MODULE_PART)('Canonical')
        PsiElement(,)(',')
        MODULE
          PsiElement(MODULE_PART)('AST')
          PsiElement(.)('.')
          PsiElement(MODULE_PART)('Expression')
          PsiElement(.)('.')
          PsiElement(MODULE_PART)('General')
        PsiElement(,)(',')
        MODULE
          PsiElement(MODULE_PART)('AST')
          PsiElement(.)('.')
          PsiElement(MODULE_PART)('Expression')
          PsiElement(.)('.')
          PsiElement(MODULE_PART)('Optimized')
        PsiElement(,)(',')
        MODULE
          PsiElement(MODULE_PART)('AST')
          PsiElement(.)('.')
          PsiElement(MODULE_PART)('Expression')
          PsiElement(.)('.')
          PsiElement(MODULE_PART)('Source')
        PsiElement(,)(',')
        MODULE
          PsiElement(MODULE_PART)('AST')
          PsiElement(.)('.')
          PsiElement(MODULE_PART)('Expression')
          PsiElement(.)('.')
          PsiElement(MODULE_PART)('Valid')
        PsiElement(,)(',')
        MODULE
          PsiElement(MODULE_PART)('AST')
          PsiElement(.)('.')
          PsiElement(MODULE_PART)('Helpers')
        PsiElement(,)(',')
        MODULE
          PsiElement(MODULE_PART)('AST')
          PsiElement(.)('.')
          PsiElement(MODULE_PART)('Literal')
        PsiElement(,)(',')
        MODULE
          PsiElement(MODULE_PART)('AST')
          PsiElement(.)('.')
          PsiElement(MODULE_PART)('Module')
        PsiElement(,)(',')
        MODULE
          PsiElement(MODULE_PART)('AST')
          PsiElement(.)('.')
          PsiElement(MODULE_PART)('Module')
          PsiElement(.)('.')
          PsiElement(MODULE_PART)('Name')
        PsiElement(,)(',')
        MODULE
          PsiElement(MODULE_PART)('AST')
          PsiElement(.)('.')
          PsiElement(MODULE_PART)('Pattern')
        PsiElement(,)(',')
        MODULE
          PsiElement(MODULE_PART)('AST')
          PsiElement(.)('.')
          PsiElement(MODULE_PART)('Type')
        PsiElement(,)(',')
        MODULE
          PsiElement(MODULE_PART)('AST')
          PsiElement(.)('.')
          PsiElement(MODULE_PART)('Variable')
        PsiElement(,)(',')
        MODULE
          PsiElement(MODULE_PART)('Canonicalize')
        PsiElement(,)(',')
        MODULE
          PsiElement(MODULE_PART)('Canonicalize')
          PsiElement(.)('.')
          PsiElement(MODULE_PART)('Body')
        PsiElement(,)(',')
        MODULE
          PsiElement(MODULE_PART)('Canonicalize')
          PsiElement(.)('.')
          PsiElement(MODULE_PART)('Effects')
        PsiElement(,)(',')
        MODULE
          PsiElement(MODULE_PART)('Canonicalize')
          PsiElement(.)('.')
          PsiElement(MODULE_PART)('Environment')
        PsiElement(,)(',')
        MODULE
          PsiElement(MODULE_PART)('Canonicalize')
          PsiElement(.)('.')
          PsiElement(MODULE_PART)('Setup')
        PsiElement(,)(',')
        MODULE
          PsiElement(MODULE_PART)('Canonicalize')
          PsiElement(.)('.')
          PsiElement(MODULE_PART)('Sort')
        PsiElement(,)(',')
        MODULE
          PsiElement(MODULE_PART)('Canonicalize')
          PsiElement(.)('.')
          PsiElement(MODULE_PART)('Type')
        PsiElement(,)(',')
        MODULE
          PsiElement(MODULE_PART)('Canonicalize')
          PsiElement(.)('.')
          PsiElement(MODULE_PART)('Variable')
        PsiElement(,)(',')
        MODULE
          PsiElement(MODULE_PART)('Compile')
        PsiElement(,)(',')
        MODULE
          PsiElement(MODULE_PART)('Docs')
          PsiElement(.)('.')
          PsiElement(MODULE_PART)('AST')
        PsiElement(,)(',')
        MODULE
          PsiElement(MODULE_PART)('Docs')
          PsiElement(.)('.')
          PsiElement(MODULE_PART)('Centralize')
        PsiElement(,)(',')
        MODULE
          PsiElement(MODULE_PART)('Docs')
          PsiElement(.)('.')
          PsiElement(MODULE_PART)('Check')
        PsiElement(,)(',')
        MODULE
          PsiElement(MODULE_PART)('Elm')
          PsiElement(.)('.')
          PsiElement(MODULE_PART)('Compiler')
          PsiElement(.)('.')
          PsiElement(MODULE_PART)('Imports')
        PsiElement(,)(',')
        MODULE
          PsiElement(MODULE_PART)('Elm')
          PsiElement(.)('.')
          PsiElement(MODULE_PART)('Compiler')
          PsiElement(.)('.')
          PsiElement(MODULE_PART)('Type')
          PsiElement(.)('.')
          PsiElement(MODULE_PART)('Extract')
        PsiElement(,)(',')
        MODULE
          PsiElement(MODULE_PART)('Elm')
          PsiElement(.)('.')
          PsiElement(MODULE_PART)('Compiler')
          PsiElement(.)('.')
          PsiElement(MODULE_PART)('Version')
        PsiElement(,)(',')
        MODULE
          PsiElement(MODULE_PART)('Generate')
          PsiElement(.)('.')
          PsiElement(MODULE_PART)('JavaScript')
        PsiElement(,)(',')
        MODULE
          PsiElement(MODULE_PART)('Generate')
          PsiElement(.)('.')
          PsiElement(MODULE_PART)('JavaScript')
          PsiElement(.)('.')
          PsiElement(MODULE_PART)('Builder')
        PsiElement(,)(',')
        MODULE
          PsiElement(MODULE_PART)('Generate')
          PsiElement(.)('.')
          PsiElement(MODULE_PART)('JavaScript')
          PsiElement(.)('.')
          PsiElement(MODULE_PART)('BuiltIn')
        PsiElement(,)(',')
        MODULE
          PsiElement(MODULE_PART)('Generate')
          PsiElement(.)('.')
          PsiElement(MODULE_PART)('JavaScript')
          PsiElement(.)('.')
          PsiElement(MODULE_PART)('Expression')
        PsiElement(,)(',')
        MODULE
          PsiElement(MODULE_PART)('Generate')
          PsiElement(.)('.')
          PsiElement(MODULE_PART)('JavaScript')
          PsiElement(.)('.')
          PsiElement(MODULE_PART)('Foreign')
        PsiElement(,)(',')
        MODULE
          PsiElement(MODULE_PART)('Generate')
          PsiElement(.)('.')
          PsiElement(MODULE_PART)('JavaScript')
          PsiElement(.)('.')
          PsiElement(MODULE_PART)('Helpers')
        PsiElement(,)(',')
        MODULE
          PsiElement(MODULE_PART)('Generate')
          PsiElement(.)('.')
          PsiElement(MODULE_PART)('JavaScript')
          PsiElement(.)('.')
          PsiElement(MODULE_PART)('Literal')
        PsiElement(,)(',')
        MODULE
          PsiElement(MODULE_PART)('Generate')
          PsiElement(.)('.')
          PsiElement(MODULE_PART)('JavaScript')
          PsiElement(.)('.')
          PsiElement(MODULE_PART)('Variable')
        PsiElement(,)(',')
        MODULE
          PsiElement(MODULE_PART)('Nitpick')
          PsiElement(.)('.')
          PsiElement(MODULE_PART)('Pattern')
        PsiElement(,)(',')
        MODULE
          PsiElement(MODULE_PART)('Nitpick')
          PsiElement(.)('.')
          PsiElement(MODULE_PART)('PatternMatches')
        PsiElement(,)(',')
        MODULE
          PsiElement(MODULE_PART)('Nitpick')
          PsiElement(.)('.')
          PsiElement(MODULE_PART)('TopLevelTypes')
        PsiElement(,)(',')
        MODULE
          PsiElement(MODULE_PART)('Optimize')
        PsiElement(,)(',')
        MODULE
          PsiElement(MODULE_PART)('Optimize')
          PsiElement(.)('.')
          PsiElement(MODULE_PART)('Case')
        PsiElement(,)(',')
        MODULE
          PsiElement(MODULE_PART)('Optimize')
          PsiElement(.)('.')
          PsiElement(MODULE_PART)('DecisionTree')
        PsiElement(,)(',')
        MODULE
          PsiElement(MODULE_PART)('Optimize')
          PsiElement(.)('.')
          PsiElement(MODULE_PART)('Environment')
        PsiElement(,)(',')
        MODULE
          PsiElement(MODULE_PART)('Optimize')
          PsiElement(.)('.')
          PsiElement(MODULE_PART)('Inline')
        PsiElement(,)(',')
        MODULE
          PsiElement(MODULE_PART)('Parse')
          PsiElement(.)('.')
          PsiElement(MODULE_PART)('Binop')
        PsiElement(,)(',')
        MODULE
          PsiElement(MODULE_PART)('Parse')
          PsiElement(.)('.')
          PsiElement(MODULE_PART)('Declaration')
        PsiElement(,)(',')
        MODULE
          PsiElement(MODULE_PART)('Parse')
          PsiElement(.)('.')
          PsiElement(MODULE_PART)('Expression')
        PsiElement(,)(',')
        MODULE
          PsiElement(MODULE_PART)('Parse')
          PsiElement(.)('.')
          PsiElement(MODULE_PART)('Helpers')
        PsiElement(,)(',')
        MODULE
          PsiElement(MODULE_PART)('Parse')
          PsiElement(.)('.')
          PsiElement(MODULE_PART)('Literal')
        PsiElement(,)(',')
        MODULE
          PsiElement(MODULE_PART)('Parse')
          PsiElement(.)('.')
          PsiElement(MODULE_PART)('Module')
        PsiElement(,)(',')
        MODULE
          PsiElement(MODULE_PART)('Parse')
          PsiElement(.)('.')
          PsiElement(MODULE_PART)('Parse')
        PsiElement(,)(',')
        MODULE
          PsiElement(MODULE_PART)('Parse')
          PsiElement(.)('.')
          PsiElement(MODULE_PART)('Pattern')
        PsiElement(,)(',')
        MODULE
          PsiElement(MODULE_PART)('Parse')
          PsiElement(.)('.')
          PsiElement(MODULE_PART)('Type')
        PsiElement(,)(',')
        MODULE
          PsiElement(MODULE_PART)('Reporting')
          PsiElement(.)('.')
          PsiElement(MODULE_PART)('Annotation')
        PsiElement(,)(',')
        MODULE
          PsiElement(MODULE_PART)('Reporting')
          PsiElement(.)('.')
          PsiElement(MODULE_PART)('Bag')
        PsiElement(,)(',')
        MODULE
          PsiElement(MODULE_PART)('Reporting')
          PsiElement(.)('.')
          PsiElement(MODULE_PART)('Error')
        PsiElement(,)(',')
        MODULE
          PsiElement(MODULE_PART)('Reporting')
          PsiElement(.)('.')
          PsiElement(MODULE_PART)('Error')
          PsiElement(.)('.')
          PsiElement(MODULE_PART)('Canonicalize')
        PsiElement(,)(',')
        MODULE
          PsiElement(MODULE_PART)('Reporting')
          PsiElement(.)('.')
          PsiElement(MODULE_PART)('Error')
          PsiElement(.)('.')
          PsiElement(MODULE_PART)('Docs')
        PsiElement(,)(',')
        MODULE
          PsiElement(MODULE_PART)('Reporting')
          PsiElement(.)('.')
          PsiElement(MODULE_PART)('Error')
          PsiElement(.)('.')
          PsiElement(MODULE_PART)('Helpers')
        PsiElement(,)(',')
        MODULE
          PsiElement(MODULE_PART)('Reporting')
          PsiElement(.)('.')
          PsiElement(MODULE_PART)('Error')
          PsiElement(.)('.')
          PsiElement(MODULE_PART)('Pattern')
        PsiElement(,)(',')
        MODULE
          PsiElement(MODULE_PART)('Reporting')
          PsiElement(.)('.')
          PsiElement(MODULE_PART)('Error')
          PsiElement(.)('.')
          PsiElement(MODULE_PART)('Syntax')
        PsiElement(,)(',')
        MODULE
          PsiElement(MODULE_PART)('Reporting')
          PsiElement(.)('.')
          PsiElement(MODULE_PART)('Error')
          PsiElement(.)('.')
          PsiElement(MODULE_PART)('Type')
        PsiElement(,)(',')
        MODULE
          PsiElement(MODULE_PART)('Reporting')
          PsiElement(.)('.')
          PsiElement(MODULE_PART)('Region')
        PsiElement(,)(',')
        MODULE
          PsiElement(MODULE_PART)('Reporting')
          PsiElement(.)('.')
          PsiElement(MODULE_PART)('Render')
          PsiElement(.)('.')
          PsiElement(MODULE_PART)('Code')
        PsiElement(,)(',')
        MODULE
          PsiElement(MODULE_PART)('Reporting')
          PsiElement(.)('.')
          PsiElement(MODULE_PART)('Render')
          PsiElement(.)('.')
          PsiElement(MODULE_PART)('Type')
        PsiElement(,)(',')
        MODULE
          PsiElement(MODULE_PART)('Reporting')
          PsiElement(.)('.')
          PsiElement(MODULE_PART)('Report')
        PsiElement(,)(',')
        MODULE
          PsiElement(MODULE_PART)('Reporting')
          PsiElement(.)('.')
          PsiElement(MODULE_PART)('Result')
        PsiElement(,)(',')
        MODULE
          PsiElement(MODULE_PART)('Reporting')
          PsiElement(.)('.')
          PsiElement(MODULE_PART)('Warning')
        PsiElement(,)(',')
        MODULE
          PsiElement(MODULE_PART)('Type')
          PsiElement(.)('.')
          PsiElement(MODULE_PART)('Constrain')
          PsiElement(.)('.')
          PsiElement(MODULE_PART)('Effects')
        PsiElement(,)(',')
        MODULE
          PsiElement(MODULE_PART)('Type')
          PsiElement(.)('.')
          PsiElement(MODULE_PART)('Constrain')
          PsiElement(.)('.')
          PsiElement(MODULE_PART)('Expression')
        PsiElement(,)(',')
        MODULE
          PsiElement(MODULE_PART)('Type')
          PsiElement(.)('.')
          PsiElement(MODULE_PART)('Constrain')
          PsiElement(.)('.')
          PsiElement(MODULE_PART)('Literal')
        PsiElement(,)(',')
        MODULE
          PsiElement(MODULE_PART)('Type')
          PsiElement(.)('.')
          PsiElement(MODULE_PART)('Constrain')
          PsiElement(.)('.')
          PsiElement(MODULE_PART)('Pattern')
        PsiElement(,)(',')
        MODULE
          PsiElement(MODULE_PART)('Type')
          PsiElement(.)('.')
          PsiElement(MODULE_PART)('Environment')
        PsiElement(,)(',')
        MODULE
          PsiElement(MODULE_PART)('Type')
          PsiElement(.)('.')
          PsiElement(MODULE_PART)('Fragment')
        PsiElement(,)(',')
        MODULE
          PsiElement(MODULE_PART)('Type')
          PsiElement(.)('.')
          PsiElement(MODULE_PART)('Inference')
        PsiElement(,)(',')
        MODULE
          PsiElement(MODULE_PART)('Type')
          PsiElement(.)('.')
          PsiElement(MODULE_PART)('Solve')
        PsiElement(,)(',')
        MODULE
          PsiElement(MODULE_PART)('Type')
          PsiElement(.)('.')
          PsiElement(MODULE_PART)('State')
        PsiElement(,)(',')
        MODULE
          PsiElement(MODULE_PART)('Type')
          PsiElement(.)('.')
          PsiElement(MODULE_PART)('Type')
        PsiElement(,)(',')
        MODULE
          PsiElement(MODULE_PART)('Type')
          PsiElement(.)('.')
          PsiElement(MODULE_PART)('Unify')
        PsiElement(,)(',')
        MODULE
          PsiElement(MODULE_PART)('Validate')
        PsiElement(,)(',')
        MODULE
          PsiElement(MODULE_PART)('Paths_elm_compiler')
    BUILD_DEPENDS_KEY
      PsiElement(BUILD_DEPENDS_KEY)('Build-depends')
      PsiElement(COLON)(':')
      DEPENDENCIES
        DEPENDENCY
          PsiElement(DEPENDENCY_NAME)('aeson')
          DEPENDENCY_VERSION
            PsiElement(>=)('>=')
            PsiElement(NUMBERS)('0.7')
            PsiElement(&&)('&&')
            PsiElement(<)('<')
            PsiElement(NUMBERS)('0.9')
        PsiElement(,)(',')
        DEPENDENCY
          PsiElement(DEPENDENCY_NAME)('aeson-pretty')
          DEPENDENCY_VERSION
            PsiElement(>=)('>=')
            PsiElement(NUMBERS)('0.7')
            PsiElement(&&)('&&')
            PsiElement(<)('<')
            PsiElement(NUMBERS)('0.8')
        PsiElement(,)(',')
        DEPENDENCY
          PsiElement(DEPENDENCY_NAME)('ansi-terminal')
          DEPENDENCY_VERSION
            PsiElement(>=)('>=')
            PsiElement(NUMBERS)('0.6.2.1')
            PsiElement(&&)('&&')
            PsiElement(<)('<')
            PsiElement(NUMBERS)('0.7')
        PsiElement(,)(',')
        DEPENDENCY
          PsiElement(DEPENDENCY_NAME)('ansi-wl-pprint')
          DEPENDENCY_VERSION
            PsiElement(>=)('>=')
            PsiElement(NUMBERS)('0.6.7')
            PsiElement(&&)('&&')
            PsiElement(<)('<')
            PsiElement(NUMBERS)('0.7')
        PsiElement(,)(',')
        DEPENDENCY
          PsiElement(DEPENDENCY_NAME)('base')
          DEPENDENCY_VERSION
            PsiElement(>=)('>=')
            PsiElement(NUMBERS)('4.2')
            PsiElement(&&)('&&')
            PsiElement(<)('<')
            PsiElement(NUMBERS)('5')
        PsiElement(,)(',')
        DEPENDENCY
          PsiElement(DEPENDENCY_NAME)('binary')
          DEPENDENCY_VERSION
            PsiElement(>=)('>=')
            PsiElement(NUMBERS)('0.7.0.0')
            PsiElement(&&)('&&')
            PsiElement(<)('<')
            PsiElement(NUMBERS)('0.8')
        PsiElement(,)(',')
        DEPENDENCY
          PsiElement(DEPENDENCY_NAME)('bytestring')
          DEPENDENCY_VERSION
            PsiElement(>=)('>=')
            PsiElement(NUMBERS)('0.9')
            PsiElement(&&)('&&')
            PsiElement(<)('<')
            PsiElement(NUMBERS)('0.11')
        PsiElement(,)(',')
        DEPENDENCY
          PsiElement(DEPENDENCY_NAME)('containers')
          DEPENDENCY_VERSION
            PsiElement(>=)('>=')
            PsiElement(NUMBERS)('0.3')
            PsiElement(&&)('&&')
            PsiElement(<)('<')
            PsiElement(NUMBERS)('0.6')
        PsiElement(,)(',')
        DEPENDENCY
          PsiElement(DEPENDENCY_NAME)('directory')
          DEPENDENCY_VERSION
            PsiElement(>=)('>=')
            PsiElement(NUMBERS)('1.0')
            PsiElement(&&)('&&')
            PsiElement(<)('<')
            PsiElement(NUMBERS)('2.0')
        PsiElement(,)(',')
        DEPENDENCY
          PsiElement(DEPENDENCY_NAME)('edit-distance')
          DEPENDENCY_VERSION
            PsiElement(>=)('>=')
            PsiElement(NUMBERS)('0.2')
            PsiElement(&&)('&&')
            PsiElement(<)('<')
            PsiElement(NUMBERS)('0.3')
        PsiElement(,)(',')
        DEPENDENCY
          PsiElement(DEPENDENCY_NAME)('filepath')
          DEPENDENCY_VERSION
            PsiElement(>=)('>=')
            PsiElement(NUMBERS)('1')
            PsiElement(&&)('&&')
            PsiElement(<)('<')
            PsiElement(NUMBERS)('2.0')
        PsiElement(,)(',')
        DEPENDENCY
          PsiElement(DEPENDENCY_NAME)('indents')
          DEPENDENCY_VERSION
            PsiElement(>=)('>=')
            PsiElement(NUMBERS)('0.3')
            PsiElement(&&)('&&')
            PsiElement(<)('<')
            PsiElement(NUMBERS)('0.4')
        PsiElement(,)(',')
        DEPENDENCY
          PsiElement(DEPENDENCY_NAME)('language-ecmascript')
          DEPENDENCY_VERSION
            PsiElement(>=)('>=')
            PsiElement(NUMBERS)('0.15')
            PsiElement(&&)('&&')
            PsiElement(<)('<')
            PsiElement(NUMBERS)('0.18')
        PsiElement(,)(',')
        DEPENDENCY
          PsiElement(DEPENDENCY_NAME)('language-glsl')
          DEPENDENCY_VERSION
            PsiElement(>=)('>=')
            PsiElement(NUMBERS)('0.0.2')
            PsiElement(&&)('&&')
            PsiElement(<)('<')
            PsiElement(NUMBERS)('0.3')
        PsiElement(,)(',')
        DEPENDENCY
          PsiElement(DEPENDENCY_NAME)('mtl')
          DEPENDENCY_VERSION
            PsiElement(>=)('>=')
            PsiElement(NUMBERS)('2.2')
            PsiElement(&&)('&&')
            PsiElement(<)('<')
            PsiElement(NUMBERS)('3')
        PsiElement(,)(',')
        DEPENDENCY
          PsiElement(DEPENDENCY_NAME)('parsec')
          DEPENDENCY_VERSION
            PsiElement(>=)('>=')
            PsiElement(NUMBERS)('3.1.1')
            PsiElement(&&)('&&')
            PsiElement(<)('<')
            PsiElement(NUMBERS)('3.5')
        PsiElement(,)(',')
        DEPENDENCY
          PsiElement(DEPENDENCY_NAME)('pretty')
          DEPENDENCY_VERSION
            PsiElement(>=)('>=')
            PsiElement(NUMBERS)('1.0')
            PsiElement(&&)('&&')
            PsiElement(<)('<')
            PsiElement(NUMBERS)('2.0')
        PsiElement(,)(',')
        DEPENDENCY
          PsiElement(DEPENDENCY_NAME)('process')
        PsiElement(,)(',')
        DEPENDENCY
          PsiElement(DEPENDENCY_NAME)('text')
          DEPENDENCY_VERSION
            PsiElement(>=)('>=')
            PsiElement(NUMBERS)('1')
            PsiElement(&&)('&&')
            PsiElement(<)('<')
            PsiElement(NUMBERS)('2')
        PsiElement(,)(',')
        DEPENDENCY
          PsiElement(DEPENDENCY_NAME)('union-find')
          DEPENDENCY_VERSION
            PsiElement(>=)('>=')
            PsiElement(NUMBERS)('0.2')
            PsiElement(&&)('&&')
            PsiElement(<)('<')
            PsiElement(NUMBERS)('0.3')
  EXECUTABLE
    PsiElement(EXECUTABLE_KEY)('Executable')
    PsiElement(EXECUTABLE_NAME)('elm')
    GHC_OPTIONS
      PsiElement(GHC_OPTIONS_KEY)('ghc-options')
      PsiElement(COLON)(':')
      IDENT_LIST
        PsiElement(IDENT)('-threaded')
        PsiElement(IDENT)('-O2')
        PsiElement(IDENT)('-W')
    HS_SOURCE_DIRS
      PsiElement(HS_SOURCE_DIRS_KEY)('Hs-Source-Dirs')
      PsiElement(COLON)(':')
      FREEFORM
        PsiElement(FREEFORM_LINE)('src')
    MAIN_IS
      PsiElement(MAIN_IS_KEY)('Main-is')
      PsiElement(COLON)(':')
      FREEFORM
        PsiElement(FREEFORM_LINE)('CommandLineRouter.hs')
    OTHER_MODULES
      PsiElement(OTHER_MODULES_KEY)('other-modules')
      PsiElement(COLON)(':')
      MODULE_LIST
        MODULE
          PsiElement(MODULE_PART)('Elm')
          PsiElement(.)('.')
          PsiElement(MODULE_PART)('Compiler')
          PsiElement(.)('.')
          PsiElement(MODULE_PART)('Version')
        PsiElement(,)(',')
        MODULE
          PsiElement(MODULE_PART)('Paths_elm_compiler')
    BUILD_DEPENDS_KEY
      PsiElement(BUILD_DEPENDS_KEY)('Build-depends')
      PsiElement(COLON)(':')
      DEPENDENCIES
        DEPENDENCY
          PsiElement(DEPENDENCY_NAME)('base')
          DEPENDENCY_VERSION
            PsiElement(>=)('>=')
            PsiElement(NUMBERS)('4.2')
            PsiElement(&&)('&&')
            PsiElement(<)('<')
            PsiElement(NUMBERS)('5')
        PsiElement(,)(',')
        DEPENDENCY
          PsiElement(DEPENDENCY_NAME)('aeson')
          DEPENDENCY_VERSION
            PsiElement(>=)('>=')
            PsiElement(NUMBERS)('0.7')
            PsiElement(&&)('&&')
            PsiElement(<)('<')
            PsiElement(NUMBERS)('0.9')
        PsiElement(,)(',')
        DEPENDENCY
          PsiElement(DEPENDENCY_NAME)('binary')
          DEPENDENCY_VERSION
            PsiElement(>=)('>=')
            PsiElement(NUMBERS)('0.7.0.0')
            PsiElement(&&)('&&')
            PsiElement(<)('<')
            PsiElement(NUMBERS)('0.8')
        PsiElement(,)(',')
        DEPENDENCY
          PsiElement(DEPENDENCY_NAME)('directory')
          DEPENDENCY_VERSION
            PsiElement(>=)('>=')
            PsiElement(NUMBERS)('1.0')
            PsiElement(&&)('&&')
            PsiElement(<)('<')
            PsiElement(NUMBERS)('2.0')
        PsiElement(,)(',')
        DEPENDENCY
          PsiElement(DEPENDENCY_NAME)('filepath')
          DEPENDENCY_VERSION
            PsiElement(>=)('>=')
            PsiElement(NUMBERS)('1')
            PsiElement(&&)('&&')
            PsiElement(<)('<')
            PsiElement(NUMBERS)('2.0')
        PsiElement(,)(',')
        DEPENDENCY
          PsiElement(DEPENDENCY_NAME)('text')
          DEPENDENCY_VERSION
            PsiElement(>=)('>=')
            PsiElement(NUMBERS)('1')
            PsiElement(&&)('&&')
            PsiElement(<)('<')
            PsiElement(NUMBERS)('2')
        PsiElement(,)(',')
        DEPENDENCY
          PsiElement(DEPENDENCY_NAME)('process')
  TEST_SUITE
    PsiElement(TEST_SUITE_KEY)('Test-Suite')
    PsiElement(TEST_SUITE_NAME)('compiler-tests')
    GHC_OPTIONS
      PsiElement(GHC_OPTIONS_KEY)('ghc-options')
      PsiElement(COLON)(':')
      IDENT_LIST
        PsiElement(IDENT)('-O0')
    TEST_SUITE_TYPE
      PsiElement(TYPE_KEY)('Type')
      PsiElement(COLON)(':')
      FREEFORM
        PsiElement(FREEFORM_LINE)('exitcode-stdio-1.0')
    HS_SOURCE_DIRS
      PsiElement(HS_SOURCE_DIRS_KEY)('Hs-Source-Dirs')
      PsiElement(COLON)(':')
      FREEFORM
        PsiElement(FREEFORM_LINE)('tests, src')
    MAIN_IS
      PsiElement(MAIN_IS_KEY)('Main-is')
      PsiElement(COLON)(':')
      FREEFORM
        PsiElement(FREEFORM_LINE)('Test.hs')
    OTHER_MODULES
      PsiElement(OTHER_MODULES_KEY)('other-modules')
      PsiElement(COLON)(':')
      MODULE_LIST
        MODULE
          PsiElement(MODULE_PART)('Test')
          PsiElement(.)('.')
          PsiElement(MODULE_PART)('Compiler')
        MODULE
          PsiElement(MODULE_PART)('Test')
          PsiElement(.)('.')
          PsiElement(MODULE_PART)('Property')
        MODULE
          PsiElement(MODULE_PART)('Test')
          PsiElement(.)('.')
          PsiElement(MODULE_PART)('Property')
          PsiElement(.)('.')
          PsiElement(MODULE_PART)('Arbitrary')
        MODULE
          PsiElement(MODULE_PART)('AST')
          PsiElement(.)('.')
          PsiElement(MODULE_PART)('Helpers')
        MODULE
          PsiElement(MODULE_PART)('AST')
          PsiElement(.)('.')
          PsiElement(MODULE_PART)('Literal')
    BUILD_DEPENDS_KEY
      PsiElement(BUILD_DEPENDS_KEY)('build-depends')
      PsiElement(COLON)(':')
      DEPENDENCIES
        DEPENDENCY
          PsiElement(DEPENDENCY_NAME)('test-framework')
          DEPENDENCY_VERSION
            PsiElement(>)('>')
            PsiElement(NUMBERS)('0.8')
            PsiElement(&&)('&&')
            PsiElement(<)('<')
            PsiElement(NUMBERS)('0.9')
        PsiElement(,)(',')
        DEPENDENCY
          PsiElement(DEPENDENCY_NAME)('test-framework-hunit')
          DEPENDENCY_VERSION
            PsiElement(>=)('>=')
            PsiElement(NUMBERS)('0.3')
            PsiElement(&&)('&&')
            PsiElement(<)('<')
            PsiElement(NUMBERS)('0.4')
        PsiElement(,)(',')
        DEPENDENCY
          PsiElement(DEPENDENCY_NAME)('test-framework-quickcheck2')
          DEPENDENCY_VERSION
            PsiElement(>=)('>=')
            PsiElement(NUMBERS)('0.3')
            PsiElement(&&)('&&')
            PsiElement(<)('<')
            PsiElement(NUMBERS)('0.4')
        PsiElement(,)(',')
        DEPENDENCY
          PsiElement(DEPENDENCY_NAME)('HUnit')
          DEPENDENCY_VERSION
            PsiElement(>=)('>=')
            PsiElement(NUMBERS)('1.1')
            PsiElement(&&)('&&')
            PsiElement(<)('<')
            PsiElement(NUMBERS)('2')
        PsiElement(,)(',')
        DEPENDENCY
          PsiElement(DEPENDENCY_NAME)('QuickCheck')
          DEPENDENCY_VERSION
            PsiElement(>=)('>=')
            PsiElement(NUMBERS)('2')
            PsiElement(&&)('&&')
            PsiElement(<)('<')
            PsiElement(NUMBERS)('3')
        PsiElement(,)(',')
        DEPENDENCY
          PsiElement(DEPENDENCY_NAME)('aeson')
          DEPENDENCY_VERSION
            PsiElement(>=)('>=')
            PsiElement(NUMBERS)('0.7')
            PsiElement(&&)('&&')
            PsiElement(<)('<')
            PsiElement(NUMBERS)('0.9')
        PsiElement(,)(',')
        DEPENDENCY
          PsiElement(DEPENDENCY_NAME)('aeson-pretty')
          DEPENDENCY_VERSION
            PsiElement(>=)('>=')
            PsiElement(NUMBERS)('0.7')
            PsiElement(&&)('&&')
            PsiElement(<)('<')
            PsiElement(NUMBERS)('0.8')
        PsiElement(,)(',')
        DEPENDENCY
          PsiElement(DEPENDENCY_NAME)('ansi-terminal')
          DEPENDENCY_VERSION
            PsiElement(>=)('>=')
            PsiElement(NUMBERS)('0.6.2.1')
            PsiElement(&&)('&&')
            PsiElement(<)('<')
            PsiElement(NUMBERS)('0.7')
        PsiElement(,)(',')
        DEPENDENCY
          PsiElement(DEPENDENCY_NAME)('ansi-wl-pprint')
          DEPENDENCY_VERSION
            PsiElement(>=)('>=')
            PsiElement(NUMBERS)('0.6.7')
            PsiElement(&&)('&&')
            PsiElement(<)('<')
            PsiElement(NUMBERS)('0.7')
        PsiElement(,)(',')
        DEPENDENCY
          PsiElement(DEPENDENCY_NAME)('base')
          DEPENDENCY_VERSION
            PsiElement(>=)('>=')
            PsiElement(NUMBERS)('4.2')
            PsiElement(&&)('&&')
            PsiElement(<)('<')
            PsiElement(NUMBERS)('5')
        PsiElement(,)(',')
        DEPENDENCY
          PsiElement(DEPENDENCY_NAME)('binary')
          DEPENDENCY_VERSION
            PsiElement(>=)('>=')
            PsiElement(NUMBERS)('0.7.0.0')
            PsiElement(&&)('&&')
            PsiElement(<)('<')
            PsiElement(NUMBERS)('0.8')
        PsiElement(,)(',')
        DEPENDENCY
          PsiElement(DEPENDENCY_NAME)('bytestring')
          DEPENDENCY_VERSION
            PsiElement(>=)('>=')
            PsiElement(NUMBERS)('0.9')
            PsiElement(&&)('&&')
            PsiElement(<)('<')
            PsiElement(NUMBERS)('0.11')
        PsiElement(,)(',')
        DEPENDENCY
          PsiElement(DEPENDENCY_NAME)('containers')
          DEPENDENCY_VERSION
            PsiElement(>=)('>=')
            PsiElement(NUMBERS)('0.3')
            PsiElement(&&)('&&')
            PsiElement(<)('<')
            PsiElement(NUMBERS)('0.6')
        PsiElement(,)(',')
        DEPENDENCY
          PsiElement(DEPENDENCY_NAME)('directory')
          DEPENDENCY_VERSION
            PsiElement(>=)('>=')
            PsiElement(NUMBERS)('1.0')
            PsiElement(&&)('&&')
            PsiElement(<)('<')
            PsiElement(NUMBERS)('2.0')
        PsiElement(,)(',')
        DEPENDENCY
          PsiElement(DEPENDENCY_NAME)('edit-distance')
          DEPENDENCY_VERSION
            PsiElement(>=)('>=')
            PsiElement(NUMBERS)('0.2')
            PsiElement(&&)('&&')
            PsiElement(<)('<')
            PsiElement(NUMBERS)('0.3')
        PsiElement(,)(',')
        DEPENDENCY
          PsiElement(DEPENDENCY_NAME)('filemanip')
          DEPENDENCY_VERSION
            PsiElement(>=)('>=')
            PsiElement(NUMBERS)('0.3.5')
            PsiElement(&&)('&&')
            PsiElement(<)('<')
            PsiElement(NUMBERS)('0.4')
        PsiElement(,)(',')
        DEPENDENCY
          PsiElement(DEPENDENCY_NAME)('filepath')
          DEPENDENCY_VERSION
            PsiElement(>=)('>=')
            PsiElement(NUMBERS)('1')
            PsiElement(&&)('&&')
            PsiElement(<)('<')
            PsiElement(NUMBERS)('2.0')
        PsiElement(,)(',')
        DEPENDENCY
          PsiElement(DEPENDENCY_NAME)('indents')
          DEPENDENCY_VERSION
            PsiElement(>=)('>=')
            PsiElement(NUMBERS)('0.3')
            PsiElement(&&)('&&')
            PsiElement(<)('<')
            PsiElement(NUMBERS)('0.4')
        PsiElement(,)(',')
        DEPENDENCY
          PsiElement(DEPENDENCY_NAME)('language-ecmascript')
          DEPENDENCY_VERSION
            PsiElement(>=)('>=')
            PsiElement(NUMBERS)('0.15')
            PsiElement(&&)('&&')
            PsiElement(<)('<')
            PsiElement(NUMBERS)('0.18')
        PsiElement(,)(',')
        DEPENDENCY
          PsiElement(DEPENDENCY_NAME)('language-glsl')
          DEPENDENCY_VERSION
            PsiElement(>=)('>=')
            PsiElement(NUMBERS)('0.0.2')
            PsiElement(&&)('&&')
            PsiElement(<)('<')
            PsiElement(NUMBERS)('0.3')
        PsiElement(,)(',')
        DEPENDENCY
          PsiElement(DEPENDENCY_NAME)('mtl')
          DEPENDENCY_VERSION
            PsiElement(>=)('>=')
            PsiElement(NUMBERS)('2.2')
            PsiElement(&&)('&&')
            PsiElement(<)('<')
            PsiElement(NUMBERS)('3')
        PsiElement(,)(',')
        DEPENDENCY
          PsiElement(DEPENDENCY_NAME)('parsec')
          DEPENDENCY_VERSION
            PsiElement(>=)('>=')
            PsiElement(NUMBERS)('3.1.1')
            PsiElement(&&)('&&')
            PsiElement(<)('<')
            PsiElement(NUMBERS)('3.5')
        PsiElement(,)(',')
        DEPENDENCY
          PsiElement(DEPENDENCY_NAME)('pretty')
          DEPENDENCY_VERSION
            PsiElement(>=)('>=')
            PsiElement(NUMBERS)('1.0')
            PsiElement(&&)('&&')
            PsiElement(<)('<')
            PsiElement(NUMBERS)('2.0')
        PsiElement(,)(',')
        DEPENDENCY
          PsiElement(DEPENDENCY_NAME)('process')
        PsiElement(,)(',')
        DEPENDENCY
          PsiElement(DEPENDENCY_NAME)('text')
          DEPENDENCY_VERSION
            PsiElement(>=)('>=')
            PsiElement(NUMBERS)('1')
            PsiElement(&&)('&&')
            PsiElement(<)('<')
            PsiElement(NUMBERS)('2')
        PsiElement(,)(',')
        DEPENDENCY
          PsiElement(DEPENDENCY_NAME)('union-find')
          DEPENDENCY_VERSION
            PsiElement(>=)('>=')
            PsiElement(NUMBERS)('0.2')
            PsiElement(&&)('&&')
            PsiElement(<)('<')
            PsiElement(NUMBERS)('0.3')