Cabal File
  PKG_NAME
    PsiElement(NAME_KEY)('Name')
    PsiElement(COLON)(':')
    FREEFORM
      PsiElement(FREEFORM_LINE)('ShellCheck')
  PKG_VERSION
    PsiElement(VERSION_KEY)('Version')
    PsiElement(COLON)(':')
    FREEFORM
      PsiElement(FREEFORM_LINE)('0.4.3')
  SYNOPSIS
    PsiElement(SYNOPSIS_KEY)('Synopsis')
    PsiElement(COLON)(':')
    FREEFORM
      PsiElement(FREEFORM_LINE)('Shell script analysis tool')
  LICENSE
    PsiElement(LICENSE_KEY)('License')
    PsiElement(COLON)(':')
    FREEFORM
      PsiElement(FREEFORM_LINE)('GPL-3')
  LICENSE_FILE
    PsiElement(LICENSE_FILE_KEY)('License-file')
    PsiElement(COLON)(':')
    FREEFORM
      PsiElement(FREEFORM_LINE)('LICENSE')
  CATEGORY
    PsiElement(CATEGORY_KEY)('Category')
    PsiElement(COLON)(':')
    FREEFORM
      PsiElement(FREEFORM_LINE)('Static Analysis')
  AUTHOR
    PsiElement(AUTHOR_KEY)('Author')
    PsiElement(COLON)(':')
    FREEFORM
      PsiElement(FREEFORM_LINE)('Vidar Holen')
  MAINTAINER
    PsiElement(MAINTAINER_KEY)('Maintainer')
    PsiElement(COLON)(':')
    FREEFORM
      PsiElement(FREEFORM_LINE)('vidar@vidarholen.net')
  HOMEPAGE
    PsiElement(HOMEPAGE_KEY)('Homepage')
    PsiElement(COLON)(':')
    FREEFORM
      PsiElement(FREEFORM_LINE)('http://www.shellcheck.net/')
  BUILD_TYPE
    PsiElement(BUILD_TYPE_KEY)('Build-Type')
    PsiElement(COLON)(':')
    FREEFORM
      PsiElement(FREEFORM_LINE)('Custom')
  CABAL_VERSION
    PsiElement(CABAL_VERSION_KEY)('Cabal-Version')
    PsiElement(COLON)(':')
    FREEFORM
      PsiElement(FREEFORM_LINE)('>= 1.8')
  BUG_REPORTS
    PsiElement(BUG_REPORTS_KEY)('Bug-reports')
    PsiElement(COLON)(':')
    FREEFORM
      PsiElement(FREEFORM_LINE)('https://github.com/koalaman/shellcheck/issues')
  DESCRIPTION
    PsiElement(DESCRIPTION_KEY)('Description')
    PsiElement(COLON)(':')
    FREEFORM
      PsiElement(FREEFORM_LINE)('The goals of ShellCheck are:')
      PsiElement(FREEFORM_LINE)('.')
      PsiElement(FREEFORM_LINE)('* To point out and clarify typical beginner's syntax issues,')
      PsiElement(FREEFORM_LINE)('that causes a shell to give cryptic error messages.')
      PsiElement(FREEFORM_LINE)('.')
      PsiElement(FREEFORM_LINE)('* To point out and clarify typical intermediate level semantic problems,')
      PsiElement(FREEFORM_LINE)('that causes a shell to behave strangely and counter-intuitively.')
      PsiElement(FREEFORM_LINE)('.')
      PsiElement(FREEFORM_LINE)('* To point out subtle caveats, corner cases and pitfalls, that may cause an')
      PsiElement(FREEFORM_LINE)('advanced user's otherwise working script to fail under future circumstances.')
  EXTRA_SOURCE_FILES
    PsiElement(EXTRA_SOURCE_FILES_KEY)('Extra-Source-Files')
    PsiElement(COLON)(':')
    PsiComment(COMMENT)('    -- documentation')
    FREEFORM
      PsiElement(FREEFORM_LINE)('README.md')
      PsiElement(FREEFORM_LINE)('shellcheck.1.md')
      PsiComment(COMMENT)('    -- built with a cabal sdist hook')
      PsiElement(FREEFORM_LINE)('shellcheck.1')
      PsiComment(COMMENT)('    -- tests')
      PsiElement(FREEFORM_LINE)('test/shellcheck.hs')
  SOURCE_REPO
    PsiElement(SOURCE_REPO_KEY)('source-repository')
    PsiElement(SOURCE_REPO_NAME)('head')
    SOURCE_REPO_TYPE
      PsiElement(TYPE_KEY)('type')
      PsiElement(COLON)(':')
      FREEFORM
        PsiElement(FREEFORM_LINE)('git')
    SOURCE_REPO_LOCATION
      PsiElement(LOCATION_KEY)('location')
      PsiElement(COLON)(':')
      FREEFORM
        PsiElement(FREEFORM_LINE)('git://github.com/koalaman/shellcheck.git')
  LIBRARY
    PsiElement(LIBRARY_KEY)('library')
    BUILD_DEPENDS_KEY
      PsiElement(BUILD_DEPENDS_KEY)('build-depends')
      PsiElement(COLON)(':')
      DEPENDENCIES
        DEPENDENCY
          PsiElement(DEPENDENCY_NAME)('base')
          DEPENDENCY_VERSION
            PsiElement(>=)('>=')
            PsiElement(NUMBERS)('4')
            PsiElement(&&)('&&')
            PsiElement(<)('<')
            PsiElement(NUMBERS)('5')
        PsiElement(,)(',')
        DEPENDENCY
          PsiElement(DEPENDENCY_NAME)('containers')
        PsiElement(,)(',')
        DEPENDENCY
          PsiElement(DEPENDENCY_NAME)('directory')
        PsiElement(,)(',')
        DEPENDENCY
          PsiElement(DEPENDENCY_NAME)('json')
        PsiElement(,)(',')
        DEPENDENCY
          PsiElement(DEPENDENCY_NAME)('mtl')
          DEPENDENCY_VERSION
            PsiElement(>=)('>=')
            PsiElement(NUMBERS)('2.2.1')
        PsiElement(,)(',')
        DEPENDENCY
          PsiElement(DEPENDENCY_NAME)('parsec')
        PsiElement(,)(',')
        DEPENDENCY
          PsiElement(DEPENDENCY_NAME)('regex-tdfa')
        PsiElement(,)(',')
        DEPENDENCY
          PsiElement(DEPENDENCY_NAME)('QuickCheck')
          DEPENDENCY_VERSION
            PsiElement(>=)('>=')
            PsiElement(NUMBERS)('2.7.4')
        PsiElement(,)(',')
        PsiComment(COMMENT)('      -- When cabal supports it, move this to setup-depends:')
        DEPENDENCY
          PsiElement(DEPENDENCY_NAME)('process')
    EXPOSED_MODULES
      PsiElement(EXPOSED_MODULES_KEY)('exposed-modules')
      PsiElement(COLON)(':')
      MODULE_LIST
        MODULE
          PsiElement(MODULE_PART)('ShellCheck')
          PsiElement(.)('.')
          PsiElement(MODULE_PART)('AST')
        MODULE
          PsiElement(MODULE_PART)('ShellCheck')
          PsiElement(.)('.')
          PsiElement(MODULE_PART)('ASTLib')
        MODULE
          PsiElement(MODULE_PART)('ShellCheck')
          PsiElement(.)('.')
          PsiElement(MODULE_PART)('Analytics')
        MODULE
          PsiElement(MODULE_PART)('ShellCheck')
          PsiElement(.)('.')
          PsiElement(MODULE_PART)('Analyzer')
        MODULE
          PsiElement(MODULE_PART)('ShellCheck')
          PsiElement(.)('.')
          PsiElement(MODULE_PART)('AnalyzerLib')
        MODULE
          PsiElement(MODULE_PART)('ShellCheck')
          PsiElement(.)('.')
          PsiElement(MODULE_PART)('Checker')
        MODULE
          PsiElement(MODULE_PART)('ShellCheck')
          PsiElement(.)('.')
          PsiElement(MODULE_PART)('Checks')
          PsiElement(.)('.')
          PsiElement(MODULE_PART)('Commands')
        MODULE
          PsiElement(MODULE_PART)('ShellCheck')
          PsiElement(.)('.')
          PsiElement(MODULE_PART)('Data')
        MODULE
          PsiElement(MODULE_PART)('ShellCheck')
          PsiElement(.)('.')
          PsiElement(MODULE_PART)('Formatter')
          PsiElement(.)('.')
          PsiElement(MODULE_PART)('Format')
        MODULE
          PsiElement(MODULE_PART)('ShellCheck')
          PsiElement(.)('.')
          PsiElement(MODULE_PART)('Formatter')
          PsiElement(.)('.')
          PsiElement(MODULE_PART)('CheckStyle')
        MODULE
          PsiElement(MODULE_PART)('ShellCheck')
          PsiElement(.)('.')
          PsiElement(MODULE_PART)('Formatter')
          PsiElement(.)('.')
          PsiElement(MODULE_PART)('GCC')
        MODULE
          PsiElement(MODULE_PART)('ShellCheck')
          PsiElement(.)('.')
          PsiElement(MODULE_PART)('Formatter')
          PsiElement(.)('.')
          PsiElement(MODULE_PART)('JSON')
        MODULE
          PsiElement(MODULE_PART)('ShellCheck')
          PsiElement(.)('.')
          PsiElement(MODULE_PART)('Formatter')
          PsiElement(.)('.')
          PsiElement(MODULE_PART)('TTY')
        MODULE
          PsiElement(MODULE_PART)('ShellCheck')
          PsiElement(.)('.')
          PsiElement(MODULE_PART)('Interface')
        MODULE
          PsiElement(MODULE_PART)('ShellCheck')
          PsiElement(.)('.')
          PsiElement(MODULE_PART)('Parser')
        MODULE
          PsiElement(MODULE_PART)('ShellCheck')
          PsiElement(.)('.')
          PsiElement(MODULE_PART)('Regex')
    OTHER_MODULES
      PsiElement(OTHER_MODULES_KEY)('other-modules')
      PsiElement(COLON)(':')
      MODULE_LIST
        MODULE
          PsiElement(MODULE_PART)('Paths_ShellCheck')
  EXECUTABLE
    PsiElement(EXECUTABLE_KEY)('executable')
    PsiElement(EXECUTABLE_NAME)('shellcheck')
    BUILD_DEPENDS_KEY
      PsiElement(BUILD_DEPENDS_KEY)('build-depends')
      PsiElement(COLON)(':')
      DEPENDENCIES
        DEPENDENCY
          PsiElement(DEPENDENCY_NAME)('ShellCheck')
        PsiElement(,)(',')
        DEPENDENCY
          PsiElement(DEPENDENCY_NAME)('base')
          DEPENDENCY_VERSION
            PsiElement(>=)('>=')
            PsiElement(NUMBERS)('4')
            PsiElement(&&)('&&')
            PsiElement(<)('<')
            PsiElement(NUMBERS)('5')
        PsiElement(,)(',')
        DEPENDENCY
          PsiElement(DEPENDENCY_NAME)('containers')
        PsiElement(,)(',')
        DEPENDENCY
          PsiElement(DEPENDENCY_NAME)('directory')
        PsiElement(,)(',')
        DEPENDENCY
          PsiElement(DEPENDENCY_NAME)('json')
        PsiElement(,)(',')
        DEPENDENCY
          PsiElement(DEPENDENCY_NAME)('mtl')
          DEPENDENCY_VERSION
            PsiElement(>=)('>=')
            PsiElement(NUMBERS)('2.2.1')
        PsiElement(,)(',')
        DEPENDENCY
          PsiElement(DEPENDENCY_NAME)('parsec')
        PsiElement(,)(',')
        DEPENDENCY
          PsiElement(DEPENDENCY_NAME)('regex-tdfa')
        PsiElement(,)(',')
        DEPENDENCY
          PsiElement(DEPENDENCY_NAME)('QuickCheck')
          DEPENDENCY_VERSION
            PsiElement(>=)('>=')
            PsiElement(NUMBERS)('2.7.4')
    MAIN_IS
      PsiElement(MAIN_IS_KEY)('main-is')
      PsiElement(COLON)(':')
      FREEFORM
        PsiElement(FREEFORM_LINE)('shellcheck.hs')
  TEST_SUITE
    PsiElement(TEST_SUITE_KEY)('test-suite')
    PsiElement(TEST_SUITE_NAME)('test-shellcheck')
    TEST_SUITE_TYPE
      PsiElement(TYPE_KEY)('type')
      PsiElement(COLON)(':')
      FREEFORM
        PsiElement(FREEFORM_LINE)('exitcode-stdio-1.0')
    BUILD_DEPENDS_KEY
      PsiElement(BUILD_DEPENDS_KEY)('build-depends')
      PsiElement(COLON)(':')
      DEPENDENCIES
        DEPENDENCY
          PsiElement(DEPENDENCY_NAME)('ShellCheck')
        PsiElement(,)(',')
        DEPENDENCY
          PsiElement(DEPENDENCY_NAME)('base')
          DEPENDENCY_VERSION
            PsiElement(>=)('>=')
            PsiElement(NUMBERS)('4')
            PsiElement(&&)('&&')
            PsiElement(<)('<')
            PsiElement(NUMBERS)('5')
        PsiElement(,)(',')
        DEPENDENCY
          PsiElement(DEPENDENCY_NAME)('containers')
        PsiElement(,)(',')
        DEPENDENCY
          PsiElement(DEPENDENCY_NAME)('directory')
        PsiElement(,)(',')
        DEPENDENCY
          PsiElement(DEPENDENCY_NAME)('json')
        PsiElement(,)(',')
        DEPENDENCY
          PsiElement(DEPENDENCY_NAME)('mtl')
          DEPENDENCY_VERSION
            PsiElement(>=)('>=')
            PsiElement(NUMBERS)('2.2.1')
        PsiElement(,)(',')
        DEPENDENCY
          PsiElement(DEPENDENCY_NAME)('parsec')
        PsiElement(,)(',')
        DEPENDENCY
          PsiElement(DEPENDENCY_NAME)('regex-tdfa')
        PsiElement(,)(',')
        DEPENDENCY
          PsiElement(DEPENDENCY_NAME)('QuickCheck')
          DEPENDENCY_VERSION
            PsiElement(>=)('>=')
            PsiElement(NUMBERS)('2.7.4')
    MAIN_IS
      PsiElement(MAIN_IS_KEY)('main-is')
      PsiElement(COLON)(':')
      FREEFORM
        PsiElement(FREEFORM_LINE)('test/shellcheck.hs')